OpenJDK 64-Bit Server VM (25.432-b06) for linux-amd64 JRE (1.8.0_432-b06), built on Oct 17 2024 09:57:05 by "" with gcc 10.3.1 20211027
Memory: 4k page, physical 8118848k(405560k free), swap 0k(0k free)
CommandLine flags: -XX:InitialHeapSize=129901568 -XX:MaxHeapSize=2078425088 -XX:+PrintGC -XX:+PrintGCDateStamps -XX:+PrintGCDetails -XX:+PrintGCTimeStamps -XX:+PrintHeapAtGC -XX:+PrintTenuringDistribution -XX:+UseCompressedClassPointers -XX:+UseCompressedOops -XX:+UseParallelGC 
{Heap before GC invocations=1 (full 0):
 PSYoungGen      total 36864K, used 31744K [0x00000000d6b00000, 0x00000000d9400000, 0x0000000100000000)
  eden space 31744K, 100% used [0x00000000d6b00000,0x00000000d8a00000,0x00000000d8a00000)
  from space 5120K, 0% used [0x00000000d8f00000,0x00000000d8f00000,0x00000000d9400000)
  to   space 5120K, 0% used [0x00000000d8a00000,0x00000000d8a00000,0x00000000d8f00000)
 ParOldGen       total 84992K, used 0K [0x0000000084000000, 0x0000000089300000, 0x00000000d6b00000)
  object space 84992K, 0% used [0x0000000084000000,0x0000000084000000,0x0000000089300000)
 Metaspace       used 15843K, capacity 16125K, committed 16384K, reserved 1064960K
  class space    used 1355K, capacity 1452K, committed 1536K, reserved 1048576K
2024-08-18T09:10:50.345+0000: 1.058: [GC (Allocation Failure) 
Desired survivor size 5242880 bytes, new threshold 7 (max 15)
[PSYoungGen: 31744K->5119K(36864K)] 31744K->6722K(121856K), 0.0077856 secs] [Times: user=0.01 sys=0.00, real=0.01 secs] 
Heap after GC invocations=1 (full 0):
 PSYoungGen      total 36864K, used 5119K [0x00000000d6b00000, 0x00000000d9400000, 0x0000000100000000)
  eden space 31744K, 0% used [0x00000000d6b00000,0x00000000d6b00000,0x00000000d8a00000)
  from space 5120K, 99% used [0x00000000d8a00000,0x00000000d8effef0,0x00000000d8f00000)
  to   space 5120K, 0% used [0x00000000d8f00000,0x00000000d8f00000,0x00000000d9400000)
 ParOldGen       total 84992K, used 1602K [0x0000000084000000, 0x0000000089300000, 0x00000000d6b00000)
  object space 84992K, 1% used [0x0000000084000000,0x00000000841909c0,0x0000000089300000)
 Metaspace       used 15843K, capacity 16125K, committed 16384K, reserved 1064960K
  class space    used 1355K, capacity 1452K, committed 1536K, reserved 1048576K
}
{Heap before GC invocations=2 (full 0):
 PSYoungGen      total 36864K, used 23001K [0x00000000d6b00000, 0x00000000d9400000, 0x0000000100000000)
  eden space 31744K, 56% used [0x00000000d6b00000,0x00000000d7c766d0,0x00000000d8a00000)
  from space 5120K, 99% used [0x00000000d8a00000,0x00000000d8effef0,0x00000000d8f00000)
  to   space 5120K, 0% used [0x00000000d8f00000,0x00000000d8f00000,0x00000000d9400000)
 ParOldGen       total 84992K, used 1602K [0x0000000084000000, 0x0000000089300000, 0x00000000d6b00000)
  object space 84992K, 1% used [0x0000000084000000,0x00000000841909c0,0x0000000089300000)
 Metaspace       used 20768K, capacity 21079K, committed 21296K, reserved 1069056K
  class space    used 1927K, capacity 2050K, committed 2096K, reserved 1048576K
2024-08-18T09:10:50.755+0000: 1.468: [GC (Metadata GC Threshold) 
Desired survivor size 5242880 bytes, new threshold 7 (max 15)
[PSYoungGen: 23001K->5119K(36864K)] 24603K->7647K(121856K), 0.0118682 secs] [Times: user=0.02 sys=0.00, real=0.01 secs] 
Heap after GC invocations=2 (full 0):
 PSYoungGen      total 36864K, used 5119K [0x00000000d6b00000, 0x00000000db300000, 0x0000000100000000)
  eden space 31744K, 0% used [0x00000000d6b00000,0x00000000d6b00000,0x00000000d8a00000)
  from space 5120K, 99% used [0x00000000d8f00000,0x00000000d93ffff8,0x00000000d9400000)
  to   space 5120K, 0% used [0x00000000d8a00000,0x00000000d8a00000,0x00000000d8f00000)
 ParOldGen       total 84992K, used 2527K [0x0000000084000000, 0x0000000089300000, 0x00000000d6b00000)
  object space 84992K, 2% used [0x0000000084000000,0x0000000084277e40,0x0000000089300000)
 Metaspace       used 20768K, capacity 21079K, committed 21296K, reserved 1069056K
  class space    used 1927K, capacity 2050K, committed 2096K, reserved 1048576K
}
{Heap before GC invocations=3 (full 1):
 PSYoungGen      total 36864K, used 5119K [0x00000000d6b00000, 0x00000000db300000, 0x0000000100000000)
  eden space 31744K, 0% used [0x00000000d6b00000,0x00000000d6b00000,0x00000000d8a00000)
  from space 5120K, 99% used [0x00000000d8f00000,0x00000000d93ffff8,0x00000000d9400000)
  to   space 5120K, 0% used [0x00000000d8a00000,0x00000000d8a00000,0x00000000d8f00000)
 ParOldGen       total 84992K, used 2527K [0x0000000084000000, 0x0000000089300000, 0x00000000d6b00000)
  object space 84992K, 2% used [0x0000000084000000,0x0000000084277e40,0x0000000089300000)
 Metaspace       used 20768K, capacity 21079K, committed 21296K, reserved 1069056K
  class space    used 1927K, capacity 2050K, committed 2096K, reserved 1048576K
2024-08-18T09:10:50.767+0000: 1.480: [Full GC (Metadata GC Threshold) [PSYoungGen: 5119K->0K(36864K)] [ParOldGen: 2527K->5951K(58880K)] 7647K->5951K(95744K), [Metaspace: 20768K->20755K(1069056K)], 0.0388788 secs] [Times: user=0.06 sys=0.01, real=0.04 secs] 
Heap after GC invocations=3 (full 1):
 PSYoungGen      total 36864K, used 0K [0x00000000d6b00000, 0x00000000db300000, 0x0000000100000000)
  eden space 31744K, 0% used [0x00000000d6b00000,0x00000000d6b00000,0x00000000d8a00000)
  from space 5120K, 0% used [0x00000000d8f00000,0x00000000d8f00000,0x00000000d9400000)
  to   space 5120K, 0% used [0x00000000d8a00000,0x00000000d8a00000,0x00000000d8f00000)
 ParOldGen       total 58880K, used 5951K [0x0000000084000000, 0x0000000087980000, 0x00000000d6b00000)
  object space 58880K, 10% used [0x0000000084000000,0x00000000845cfc88,0x0000000087980000)
 Metaspace       used 20755K, capacity 21059K, committed 21296K, reserved 1069056K
  class space    used 1923K, capacity 2046K, committed 2096K, reserved 1048576K
}
{Heap before GC invocations=4 (full 1):
 PSYoungGen      total 36864K, used 31744K [0x00000000d6b00000, 0x00000000db300000, 0x0000000100000000)
  eden space 31744K, 100% used [0x00000000d6b00000,0x00000000d8a00000,0x00000000d8a00000)
  from space 5120K, 0% used [0x00000000d8f00000,0x00000000d8f00000,0x00000000d9400000)
  to   space 5120K, 0% used [0x00000000d8a00000,0x00000000d8a00000,0x00000000d8f00000)
 ParOldGen       total 58880K, used 5951K [0x0000000084000000, 0x0000000087980000, 0x00000000d6b00000)
  object space 58880K, 10% used [0x0000000084000000,0x00000000845cfc88,0x0000000087980000)
 Metaspace       used 23330K, capacity 23841K, committed 23984K, reserved 1071104K
  class space    used 2098K, capacity 2216K, committed 2224K, reserved 1048576K
2024-08-18T09:13:10.217+0000: 140.930: [GC (Allocation Failure) 
Desired survivor size 5242880 bytes, new threshold 7 (max 15)
[PSYoungGen: 31744K->1337K(36864K)] 37695K->7288K(95744K), 0.0038889 secs] [Times: user=0.01 sys=0.00, real=0.00 secs] 
Heap after GC invocations=4 (full 1):
 PSYoungGen      total 36864K, used 1337K [0x00000000d6b00000, 0x00000000d9e00000, 0x0000000100000000)
  eden space 31744K, 0% used [0x00000000d6b00000,0x00000000d6b00000,0x00000000d8a00000)
  from space 5120K, 26% used [0x00000000d8a00000,0x00000000d8b4e6b8,0x00000000d8f00000)
  to   space 5120K, 0% used [0x00000000d9900000,0x00000000d9900000,0x00000000d9e00000)
 ParOldGen       total 58880K, used 5951K [0x0000000084000000, 0x0000000087980000, 0x00000000d6b00000)
  object space 58880K, 10% used [0x0000000084000000,0x00000000845cfc88,0x0000000087980000)
 Metaspace       used 23330K, capacity 23841K, committed 23984K, reserved 1071104K
  class space    used 2098K, capacity 2216K, committed 2224K, reserved 1048576K
}
{Heap before GC invocations=5 (full 1):
 PSYoungGen      total 36864K, used 33081K [0x00000000d6b00000, 0x00000000d9e00000, 0x0000000100000000)
  eden space 31744K, 100% used [0x00000000d6b00000,0x00000000d8a00000,0x00000000d8a00000)
  from space 5120K, 26% used [0x00000000d8a00000,0x00000000d8b4e6b8,0x00000000d8f00000)
  to   space 5120K, 0% used [0x00000000d9900000,0x00000000d9900000,0x00000000d9e00000)
 ParOldGen       total 58880K, used 5951K [0x0000000084000000, 0x0000000087980000, 0x00000000d6b00000)
  object space 58880K, 10% used [0x0000000084000000,0x00000000845cfc88,0x0000000087980000)
 Metaspace       used 23570K, capacity 24069K, committed 24368K, reserved 1071104K
  class space    used 2123K, capacity 2261K, committed 2352K, reserved 1048576K
2024-08-18T09:13:10.333+0000: 141.046: [GC (Allocation Failure) 
Desired survivor size 5242880 bytes, new threshold 7 (max 15)
[PSYoungGen: 33081K->1944K(47104K)] 39032K->7895K(105984K), 0.0057393 secs] [Times: user=0.01 sys=0.00, real=0.00 secs] 
Heap after GC invocations=5 (full 1):
 PSYoungGen      total 47104K, used 1944K [0x00000000d6b00000, 0x00000000da200000, 0x0000000100000000)
  eden space 41984K, 0% used [0x00000000d6b00000,0x00000000d6b00000,0x00000000d9400000)
  from space 5120K, 37% used [0x00000000d9900000,0x00000000d9ae6158,0x00000000d9e00000)
  to   space 5120K, 0% used [0x00000000d9400000,0x00000000d9400000,0x00000000d9900000)
 ParOldGen       total 58880K, used 5951K [0x0000000084000000, 0x0000000087980000, 0x00000000d6b00000)
  object space 58880K, 10% used [0x0000000084000000,0x00000000845cfc88,0x0000000087980000)
 Metaspace       used 23570K, capacity 24069K, committed 24368K, reserved 1071104K
  class space    used 2123K, capacity 2261K, committed 2352K, reserved 1048576K
}
{Heap before GC invocations=6 (full 1):
 PSYoungGen      total 47104K, used 43928K [0x00000000d6b00000, 0x00000000da200000, 0x0000000100000000)
  eden space 41984K, 100% used [0x00000000d6b00000,0x00000000d9400000,0x00000000d9400000)
  from space 5120K, 37% used [0x00000000d9900000,0x00000000d9ae6158,0x00000000d9e00000)
  to   space 5120K, 0% used [0x00000000d9400000,0x00000000d9400000,0x00000000d9900000)
 ParOldGen       total 58880K, used 5951K [0x0000000084000000, 0x0000000087980000, 0x00000000d6b00000)
  object space 58880K, 10% used [0x0000000084000000,0x00000000845cfc88,0x0000000087980000)
 Metaspace       used 23630K, capacity 24215K, committed 24368K, reserved 1071104K
  class space    used 2125K, capacity 2264K, committed 2352K, reserved 1048576K
2024-08-18T09:13:10.460+0000: 141.173: [GC (Allocation Failure) 
Desired survivor size 8388608 bytes, new threshold 8 (max 15)
[PSYoungGen: 43928K->1912K(47104K)] 49879K->7871K(105984K), 0.0028471 secs] [Times: user=0.01 sys=0.01, real=0.00 secs] 
Heap after GC invocations=6 (full 1):
 PSYoungGen      total 47104K, used 1912K [0x00000000d6b00000, 0x00000000db700000, 0x0000000100000000)
  eden space 41984K, 0% used [0x00000000d6b00000,0x00000000d6b00000,0x00000000d9400000)
  from space 5120K, 37% used [0x00000000d9400000,0x00000000d95de158,0x00000000d9900000)
  to   space 8192K, 0% used [0x00000000daf00000,0x00000000daf00000,0x00000000db700000)
 ParOldGen       total 58880K, used 5959K [0x0000000084000000, 0x0000000087980000, 0x00000000d6b00000)
  object space 58880K, 10% used [0x0000000084000000,0x00000000845d1c88,0x0000000087980000)
 Metaspace       used 23630K, capacity 24215K, committed 24368K, reserved 1071104K
  class space    used 2125K, capacity 2264K, committed 2352K, reserved 1048576K
}
{Heap before GC invocations=7 (full 1):
 PSYoungGen      total 47104K, used 43896K [0x00000000d6b00000, 0x00000000db700000, 0x0000000100000000)
  eden space 41984K, 100% used [0x00000000d6b00000,0x00000000d9400000,0x00000000d9400000)
  from space 5120K, 37% used [0x00000000d9400000,0x00000000d95de158,0x00000000d9900000)
  to   space 8192K, 0% used [0x00000000daf00000,0x00000000daf00000,0x00000000db700000)
 ParOldGen       total 58880K, used 5959K [0x0000000084000000, 0x0000000087980000, 0x00000000d6b00000)
  object space 58880K, 10% used [0x0000000084000000,0x00000000845d1c88,0x0000000087980000)
 Metaspace       used 23737K, capacity 24327K, committed 24624K, reserved 1071104K
  class space    used 2129K, capacity 2272K, committed 2352K, reserved 1048576K
2024-08-18T09:13:10.570+0000: 141.283: [GC (Allocation Failure) 
Desired survivor size 8388608 bytes, new threshold 8 (max 15)
[PSYoungGen: 43896K->1944K(69632K)] 49855K->7903K(128512K), 0.0054452 secs] [Times: user=0.00 sys=0.00, real=0.01 secs] 
Heap after GC invocations=7 (full 1):
 PSYoungGen      total 69632K, used 1944K [0x00000000d6b00000, 0x00000000db980000, 0x0000000100000000)
  eden space 61440K, 0% used [0x00000000d6b00000,0x00000000d6b00000,0x00000000da700000)
  from space 8192K, 23% used [0x00000000daf00000,0x00000000db0e6158,0x00000000db700000)
  to   space 8192K, 0% used [0x00000000da700000,0x00000000da700000,0x00000000daf00000)
 ParOldGen       total 58880K, used 5959K [0x0000000084000000, 0x0000000087980000, 0x00000000d6b00000)
  object space 58880K, 10% used [0x0000000084000000,0x00000000845d1c88,0x0000000087980000)
 Metaspace       used 23737K, capacity 24327K, committed 24624K, reserved 1071104K
  class space    used 2129K, capacity 2272K, committed 2352K, reserved 1048576K
}
{Heap before GC invocations=8 (full 1):
 PSYoungGen      total 69632K, used 63384K [0x00000000d6b00000, 0x00000000db980000, 0x0000000100000000)
  eden space 61440K, 100% used [0x00000000d6b00000,0x00000000da700000,0x00000000da700000)
  from space 8192K, 23% used [0x00000000daf00000,0x00000000db0e6158,0x00000000db700000)
  to   space 8192K, 0% used [0x00000000da700000,0x00000000da700000,0x00000000daf00000)
 ParOldGen       total 58880K, used 5959K [0x0000000084000000, 0x0000000087980000, 0x00000000d6b00000)
  object space 58880K, 10% used [0x0000000084000000,0x00000000845d1c88,0x0000000087980000)
 Metaspace       used 24198K, capacity 24807K, committed 24880K, reserved 1071104K
  class space    used 2138K, capacity 2288K, committed 2352K, reserved 1048576K
2024-08-18T09:13:10.707+0000: 141.419: [GC (Allocation Failure) 
Desired survivor size 7864320 bytes, new threshold 7 (max 15)
[PSYoungGen: 63384K->2008K(69632K)] 69343K->7975K(128512K), 0.0051535 secs] [Times: user=0.01 sys=0.00, real=0.00 secs] 
Heap after GC invocations=8 (full 1):
 PSYoungGen      total 69632K, used 2008K [0x00000000d6b00000, 0x00000000dd680000, 0x0000000100000000)
  eden space 61440K, 0% used [0x00000000d6b00000,0x00000000d6b00000,0x00000000da700000)
  from space 8192K, 24% used [0x00000000da700000,0x00000000da8f6158,0x00000000daf00000)
  to   space 7680K, 0% used [0x00000000dcf00000,0x00000000dcf00000,0x00000000dd680000)
 ParOldGen       total 58880K, used 5967K [0x0000000084000000, 0x0000000087980000, 0x00000000d6b00000)
  object space 58880K, 10% used [0x0000000084000000,0x00000000845d3c88,0x0000000087980000)
 Metaspace       used 24198K, capacity 24807K, committed 24880K, reserved 1071104K
  class space    used 2138K, capacity 2288K, committed 2352K, reserved 1048576K
}
{Heap before GC invocations=9 (full 1):
 PSYoungGen      total 69632K, used 63448K [0x00000000d6b00000, 0x00000000dd680000, 0x0000000100000000)
  eden space 61440K, 100% used [0x00000000d6b00000,0x00000000da700000,0x00000000da700000)
  from space 8192K, 24% used [0x00000000da700000,0x00000000da8f6158,0x00000000daf00000)
  to   space 7680K, 0% used [0x00000000dcf00000,0x00000000dcf00000,0x00000000dd680000)
 ParOldGen       total 58880K, used 5967K [0x0000000084000000, 0x0000000087980000, 0x00000000d6b00000)
  object space 58880K, 10% used [0x0000000084000000,0x00000000845d3c88,0x0000000087980000)
 Metaspace       used 24214K, capacity 24807K, committed 24880K, reserved 1071104K
  class space    used 2138K, capacity 2288K, committed 2352K, reserved 1048576K
2024-08-18T09:13:10.837+0000: 141.550: [GC (Allocation Failure) 
Desired survivor size 7340032 bytes, new threshold 6 (max 15)
[PSYoungGen: 63448K->2008K(102912K)] 69415K->7983K(161792K), 0.0121044 secs] [Times: user=0.01 sys=0.00, real=0.01 secs] 
Heap after GC invocations=9 (full 1):
 PSYoungGen      total 102912K, used 2008K [0x00000000d6b00000, 0x00000000ddb80000, 0x0000000100000000)
  eden space 95232K, 0% used [0x00000000d6b00000,0x00000000d6b00000,0x00000000dc800000)
  from space 7680K, 26% used [0x00000000dcf00000,0x00000000dd0f6158,0x00000000dd680000)
  to   space 7168K, 0% used [0x00000000dc800000,0x00000000dc800000,0x00000000dcf00000)
 ParOldGen       total 58880K, used 5975K [0x0000000084000000, 0x0000000087980000, 0x00000000d6b00000)
  object space 58880K, 10% used [0x0000000084000000,0x00000000845d5c88,0x0000000087980000)
 Metaspace       used 24214K, capacity 24807K, committed 24880K, reserved 1071104K
  class space    used 2138K, capacity 2288K, committed 2352K, reserved 1048576K
}
{Heap before GC invocations=10 (full 1):
 PSYoungGen      total 102912K, used 97240K [0x00000000d6b00000, 0x00000000ddb80000, 0x0000000100000000)
  eden space 95232K, 100% used [0x00000000d6b00000,0x00000000dc800000,0x00000000dc800000)
  from space 7680K, 26% used [0x00000000dcf00000,0x00000000dd0f6158,0x00000000dd680000)
  to   space 7168K, 0% used [0x00000000dc800000,0x00000000dc800000,0x00000000dcf00000)
 ParOldGen       total 58880K, used 5975K [0x0000000084000000, 0x0000000087980000, 0x00000000d6b00000)
  object space 58880K, 10% used [0x0000000084000000,0x00000000845d5c88,0x0000000087980000)
 Metaspace       used 24222K, capacity 24807K, committed 24880K, reserved 1071104K
  class space    used 2138K, capacity 2288K, committed 2352K, reserved 1048576K
2024-08-18T09:13:10.997+0000: 141.709: [GC (Allocation Failure) 
Desired survivor size 7340032 bytes, new threshold 5 (max 15)
[PSYoungGen: 97240K->871K(102400K)] 103215K->7989K(161280K), 0.0028959 secs] [Times: user=0.01 sys=0.00, real=0.00 secs] 
Heap after GC invocations=10 (full 1):
 PSYoungGen      total 102400K, used 871K [0x00000000d6b00000, 0x00000000df780000, 0x0000000100000000)
  eden space 95232K, 0% used [0x00000000d6b00000,0x00000000d6b00000,0x00000000dc800000)
  from space 7168K, 12% used [0x00000000dc800000,0x00000000dc8d9ed8,0x00000000dcf00000)
  to   space 7168K, 0% used [0x00000000df080000,0x00000000df080000,0x00000000df780000)
 ParOldGen       total 58880K, used 7117K [0x0000000084000000, 0x0000000087980000, 0x00000000d6b00000)
  object space 58880K, 12% used [0x0000000084000000,0x00000000846f3690,0x0000000087980000)
 Metaspace       used 24222K, capacity 24807K, committed 24880K, reserved 1071104K
  class space    used 2138K, capacity 2288K, committed 2352K, reserved 1048576K
}
{Heap before GC invocations=11 (full 1):
 PSYoungGen      total 102400K, used 96103K [0x00000000d6b00000, 0x00000000df780000, 0x0000000100000000)
  eden space 95232K, 100% used [0x00000000d6b00000,0x00000000dc800000,0x00000000dc800000)
  from space 7168K, 12% used [0x00000000dc800000,0x00000000dc8d9ed8,0x00000000dcf00000)
  to   space 7168K, 0% used [0x00000000df080000,0x00000000df080000,0x00000000df780000)
 ParOldGen       total 58880K, used 7117K [0x0000000084000000, 0x0000000087980000, 0x00000000d6b00000)
  object space 58880K, 12% used [0x0000000084000000,0x00000000846f3690,0x0000000087980000)
 Metaspace       used 24235K, capacity 24811K, committed 24880K, reserved 1071104K
  class space    used 2138K, capacity 2288K, committed 2352K, reserved 1048576K
2024-08-18T09:13:11.178+0000: 141.890: [GC (Allocation Failure) 
Desired survivor size 7340032 bytes, new threshold 4 (max 15)
[PSYoungGen: 96103K->128K(136704K)] 103221K->7989K(195584K), 0.0101408 secs] [Times: user=0.00 sys=0.00, real=0.01 secs] 
Heap after GC invocations=11 (full 1):
 PSYoungGen      total 136704K, used 128K [0x00000000d6b00000, 0x00000000df900000, 0x0000000100000000)
  eden space 129536K, 0% used [0x00000000d6b00000,0x00000000d6b00000,0x00000000de980000)
  from space 7168K, 1% used [0x00000000df080000,0x00000000df0a0000,0x00000000df780000)
  to   space 7168K, 0% used [0x00000000de980000,0x00000000de980000,0x00000000df080000)
 ParOldGen       total 58880K, used 7861K [0x0000000084000000, 0x0000000087980000, 0x00000000d6b00000)
  object space 58880K, 13% used [0x0000000084000000,0x00000000847ad568,0x0000000087980000)
 Metaspace       used 24235K, capacity 24811K, committed 24880K, reserved 1071104K
  class space    used 2138K, capacity 2288K, committed 2352K, reserved 1048576K
}
{Heap before GC invocations=12 (full 1):
 PSYoungGen      total 136704K, used 129664K [0x00000000d6b00000, 0x00000000df900000, 0x0000000100000000)
  eden space 129536K, 100% used [0x00000000d6b00000,0x00000000de980000,0x00000000de980000)
  from space 7168K, 1% used [0x00000000df080000,0x00000000df0a0000,0x00000000df780000)
  to   space 7168K, 0% used [0x00000000de980000,0x00000000de980000,0x00000000df080000)
 ParOldGen       total 58880K, used 7861K [0x0000000084000000, 0x0000000087980000, 0x00000000d6b00000)
  object space 58880K, 13% used [0x0000000084000000,0x00000000847ad568,0x0000000087980000)
 Metaspace       used 24243K, capacity 24811K, committed 24880K, reserved 1071104K
  class space    used 2138K, capacity 2288K, committed 2352K, reserved 1048576K
2024-08-18T09:13:11.419+0000: 142.131: [GC (Allocation Failure) 
Desired survivor size 7340032 bytes, new threshold 3 (max 15)
[PSYoungGen: 129664K->96K(136704K)] 137525K->8005K(195584K), 0.0013280 secs] [Times: user=0.00 sys=0.00, real=0.00 secs] 
Heap after GC invocations=12 (full 1):
 PSYoungGen      total 136704K, used 96K [0x00000000d6b00000, 0x00000000e2280000, 0x0000000100000000)
  eden space 129536K, 0% used [0x00000000d6b00000,0x00000000d6b00000,0x00000000de980000)
  from space 7168K, 1% used [0x00000000de980000,0x00000000de998000,0x00000000df080000)
  to   space 7168K, 0% used [0x00000000e1b80000,0x00000000e1b80000,0x00000000e2280000)
 ParOldGen       total 58880K, used 7909K [0x0000000084000000, 0x0000000087980000, 0x00000000d6b00000)
  object space 58880K, 13% used [0x0000000084000000,0x00000000847b9568,0x0000000087980000)
 Metaspace       used 24243K, capacity 24811K, committed 24880K, reserved 1071104K
  class space    used 2138K, capacity 2288K, committed 2352K, reserved 1048576K
}
{Heap before GC invocations=13 (full 1):
 PSYoungGen      total 136704K, used 129632K [0x00000000d6b00000, 0x00000000e2280000, 0x0000000100000000)
  eden space 129536K, 100% used [0x00000000d6b00000,0x00000000de980000,0x00000000de980000)
  from space 7168K, 1% used [0x00000000de980000,0x00000000de998000,0x00000000df080000)
  to   space 7168K, 0% used [0x00000000e1b80000,0x00000000e1b80000,0x00000000e2280000)
 ParOldGen       total 58880K, used 7909K [0x0000000084000000, 0x0000000087980000, 0x00000000d6b00000)
  object space 58880K, 13% used [0x0000000084000000,0x00000000847b9568,0x0000000087980000)
 Metaspace       used 24273K, capacity 24815K, committed 24880K, reserved 1071104K
  class space    used 2138K, capacity 2288K, committed 2352K, reserved 1048576K
2024-08-18T09:13:11.603+0000: 142.315: [GC (Allocation Failure) 
Desired survivor size 7340032 bytes, new threshold 3 (max 15)
[PSYoungGen: 129632K->96K(172544K)] 137541K->8037K(231424K), 0.0018299 secs] [Times: user=0.00 sys=0.00, real=0.01 secs] 
Heap after GC invocations=13 (full 1):
 PSYoungGen      total 172544K, used 96K [0x00000000d6b00000, 0x00000000e1e80000, 0x0000000100000000)
  eden space 169472K, 0% used [0x00000000d6b00000,0x00000000d6b00000,0x00000000e1080000)
  from space 3072K, 3% used [0x00000000e1b80000,0x00000000e1b98000,0x00000000e1e80000)
  to   space 7168K, 0% used [0x00000000e1080000,0x00000000e1080000,0x00000000e1780000)
 ParOldGen       total 58880K, used 7941K [0x0000000084000000, 0x0000000087980000, 0x00000000d6b00000)
  object space 58880K, 13% used [0x0000000084000000,0x00000000847c1568,0x0000000087980000)
 Metaspace       used 24273K, capacity 24815K, committed 24880K, reserved 1071104K
  class space    used 2138K, capacity 2288K, committed 2352K, reserved 1048576K
}
{Heap before GC invocations=14 (full 1):
 PSYoungGen      total 172544K, used 169568K [0x00000000d6b00000, 0x00000000e1e80000, 0x0000000100000000)
  eden space 169472K, 100% used [0x00000000d6b00000,0x00000000e1080000,0x00000000e1080000)
  from space 3072K, 3% used [0x00000000e1b80000,0x00000000e1b98000,0x00000000e1e80000)
  to   space 7168K, 0% used [0x00000000e1080000,0x00000000e1080000,0x00000000e1780000)
 ParOldGen       total 58880K, used 7941K [0x0000000084000000, 0x0000000087980000, 0x00000000d6b00000)
  object space 58880K, 13% used [0x0000000084000000,0x00000000847c1568,0x0000000087980000)
 Metaspace       used 24287K, capacity 24879K, committed 25136K, reserved 1073152K
  class space    used 2138K, capacity 2288K, committed 2352K, reserved 1048576K
2024-08-18T09:13:11.885+0000: 142.598: [GC (Allocation Failure) 
Desired survivor size 7340032 bytes, new threshold 4 (max 15)
[PSYoungGen: 169568K->128K(176640K)] 177509K->8085K(235520K), 0.0013124 secs] [Times: user=0.00 sys=0.00, real=0.00 secs] 
Heap after GC invocations=14 (full 1):
 PSYoungGen      total 176640K, used 128K [0x00000000d6b00000, 0x00000000e4c00000, 0x0000000100000000)
  eden space 169472K, 0% used [0x00000000d6b00000,0x00000000d6b00000,0x00000000e1080000)
  from space 7168K, 1% used [0x00000000e1080000,0x00000000e10a0000,0x00000000e1780000)
  to   space 7168K, 0% used [0x00000000e4500000,0x00000000e4500000,0x00000000e4c00000)
 ParOldGen       total 58880K, used 7957K [0x0000000084000000, 0x0000000087980000, 0x00000000d6b00000)
  object space 58880K, 13% used [0x0000000084000000,0x00000000847c5568,0x0000000087980000)
 Metaspace       used 24287K, capacity 24879K, committed 25136K, reserved 1073152K
  class space    used 2138K, capacity 2288K, committed 2352K, reserved 1048576K
}
{Heap before GC invocations=15 (full 1):
 PSYoungGen      total 176640K, used 169600K [0x00000000d6b00000, 0x00000000e4c00000, 0x0000000100000000)
  eden space 169472K, 100% used [0x00000000d6b00000,0x00000000e1080000,0x00000000e1080000)
  from space 7168K, 1% used [0x00000000e1080000,0x00000000e10a0000,0x00000000e1780000)
  to   space 7168K, 0% used [0x00000000e4500000,0x00000000e4500000,0x00000000e4c00000)
 ParOldGen       total 58880K, used 7957K [0x0000000084000000, 0x0000000087980000, 0x00000000d6b00000)
  object space 58880K, 13% used [0x0000000084000000,0x00000000847c5568,0x0000000087980000)
 Metaspace       used 24293K, capacity 24947K, committed 25136K, reserved 1073152K
  class space    used 2138K, capacity 2288K, committed 2352K, reserved 1048576K
2024-08-18T09:13:12.115+0000: 142.828: [GC (Allocation Failure) 
Desired survivor size 6815744 bytes, new threshold 5 (max 15)
[PSYoungGen: 169600K->160K(211968K)] 177557K->8117K(270848K), 0.0013820 secs] [Times: user=0.00 sys=0.01, real=0.00 secs] 
Heap after GC invocations=15 (full 1):
 PSYoungGen      total 211968K, used 160K [0x00000000d6b00000, 0x00000000e4600000, 0x0000000100000000)
  eden space 210944K, 0% used [0x00000000d6b00000,0x00000000d6b00000,0x00000000e3900000)
  from space 1024K, 15% used [0x00000000e4500000,0x00000000e4528000,0x00000000e4600000)
  to   space 6656K, 0% used [0x00000000e3900000,0x00000000e3900000,0x00000000e3f80000)
 ParOldGen       total 58880K, used 7957K [0x0000000084000000, 0x0000000087980000, 0x00000000d6b00000)
  object space 58880K, 13% used [0x0000000084000000,0x00000000847c5568,0x0000000087980000)
 Metaspace       used 24293K, capacity 24947K, committed 25136K, reserved 1073152K
  class space    used 2138K, capacity 2288K, committed 2352K, reserved 1048576K
}
{Heap before GC invocations=16 (full 1):
 PSYoungGen      total 211968K, used 211104K [0x00000000d6b00000, 0x00000000e4600000, 0x0000000100000000)
  eden space 210944K, 100% used [0x00000000d6b00000,0x00000000e3900000,0x00000000e3900000)
  from space 1024K, 15% used [0x00000000e4500000,0x00000000e4528000,0x00000000e4600000)
  to   space 6656K, 0% used [0x00000000e3900000,0x00000000e3900000,0x00000000e3f80000)
 ParOldGen       total 58880K, used 7957K [0x0000000084000000, 0x0000000087980000, 0x00000000d6b00000)
  object space 58880K, 13% used [0x0000000084000000,0x00000000847c5568,0x0000000087980000)
 Metaspace       used 24305K, capacity 24953K, committed 25136K, reserved 1073152K
  class space    used 2139K, capacity 2289K, committed 2352K, reserved 1048576K
2024-08-18T09:13:12.459+0000: 143.171: [GC (Allocation Failure) 
Desired survivor size 6815744 bytes, new threshold 6 (max 15)
[PSYoungGen: 211104K->192K(217600K)] 219061K->8157K(276480K), 0.0011598 secs] [Times: user=0.00 sys=0.00, real=0.00 secs] 
Heap after GC invocations=16 (full 1):
 PSYoungGen      total 217600K, used 192K [0x00000000d6b00000, 0x00000000e7180000, 0x0000000100000000)
  eden space 210944K, 0% used [0x00000000d6b00000,0x00000000d6b00000,0x00000000e3900000)
  from space 6656K, 2% used [0x00000000e3900000,0x00000000e3930000,0x00000000e3f80000)
  to   space 6656K, 0% used [0x00000000e6b00000,0x00000000e6b00000,0x00000000e7180000)
 ParOldGen       total 58880K, used 7965K [0x0000000084000000, 0x0000000087980000, 0x00000000d6b00000)
  object space 58880K, 13% used [0x0000000084000000,0x00000000847c7568,0x0000000087980000)
 Metaspace       used 24305K, capacity 24953K, committed 25136K, reserved 1073152K
  class space    used 2139K, capacity 2289K, committed 2352K, reserved 1048576K
}
{Heap before GC invocations=17 (full 1):
 PSYoungGen      total 217600K, used 211136K [0x00000000d6b00000, 0x00000000e7180000, 0x0000000100000000)
  eden space 210944K, 100% used [0x00000000d6b00000,0x00000000e3900000,0x00000000e3900000)
  from space 6656K, 2% used [0x00000000e3900000,0x00000000e3930000,0x00000000e3f80000)
  to   space 6656K, 0% used [0x00000000e6b00000,0x00000000e6b00000,0x00000000e7180000)
 ParOldGen       total 58880K, used 7965K [0x0000000084000000, 0x0000000087980000, 0x00000000d6b00000)
  object space 58880K, 13% used [0x0000000084000000,0x00000000847c7568,0x0000000087980000)
 Metaspace       used 24312K, capacity 24953K, committed 25136K, reserved 1073152K
  class space    used 2139K, capacity 2289K, committed 2352K, reserved 1048576K
2024-08-18T09:13:12.716+0000: 143.429: [GC (Allocation Failure) 
Desired survivor size 6291456 bytes, new threshold 7 (max 15)
[PSYoungGen: 211136K->288K(260096K)] 219101K->8253K(318976K), 0.0032787 secs] [Times: user=0.01 sys=0.00, real=0.00 secs] 
Heap after GC invocations=17 (full 1):
 PSYoungGen      total 260096K, used 288K [0x00000000d6b00000, 0x00000000e7000000, 0x0000000100000000)
  eden space 254976K, 0% used [0x00000000d6b00000,0x00000000d6b00000,0x00000000e6400000)
  from space 5120K, 5% used [0x00000000e6b00000,0x00000000e6b48000,0x00000000e7000000)
  to   space 6144K, 0% used [0x00000000e6400000,0x00000000e6400000,0x00000000e6a00000)
 ParOldGen       total 58880K, used 7965K [0x0000000084000000, 0x0000000087980000, 0x00000000d6b00000)
  object space 58880K, 13% used [0x0000000084000000,0x00000000847c7568,0x0000000087980000)
 Metaspace       used 24312K, capacity 24953K, committed 25136K, reserved 1073152K
  class space    used 2139K, capacity 2289K, committed 2352K, reserved 1048576K
}
{Heap before GC invocations=18 (full 1):
 PSYoungGen      total 260096K, used 255264K [0x00000000d6b00000, 0x00000000e7000000, 0x0000000100000000)
  eden space 254976K, 100% used [0x00000000d6b00000,0x00000000e6400000,0x00000000e6400000)
  from space 5120K, 5% used [0x00000000e6b00000,0x00000000e6b48000,0x00000000e7000000)
  to   space 6144K, 0% used [0x00000000e6400000,0x00000000e6400000,0x00000000e6a00000)
 ParOldGen       total 58880K, used 7965K [0x0000000084000000, 0x0000000087980000, 0x00000000d6b00000)
  object space 58880K, 13% used [0x0000000084000000,0x00000000847c7568,0x0000000087980000)
 Metaspace       used 24316K, capacity 24953K, committed 25136K, reserved 1073152K
  class space    used 2139K, capacity 2289K, committed 2352K, reserved 1048576K
2024-08-18T09:13:13.037+0000: 143.750: [GC (Allocation Failure) 
Desired survivor size 6291456 bytes, new threshold 8 (max 15)
[PSYoungGen: 255264K->288K(261120K)] 263229K->8253K(320000K), 0.0024216 secs] [Times: user=0.00 sys=0.00, real=0.00 secs] 
Heap after GC invocations=18 (full 1):
 PSYoungGen      total 261120K, used 288K [0x00000000d6b00000, 0x00000000e9000000, 0x0000000100000000)
  eden space 254976K, 0% used [0x00000000d6b00000,0x00000000d6b00000,0x00000000e6400000)
  from space 6144K, 4% used [0x00000000e6400000,0x00000000e6448000,0x00000000e6a00000)
  to   space 6144K, 0% used [0x00000000e8a00000,0x00000000e8a00000,0x00000000e9000000)
 ParOldGen       total 58880K, used 7965K [0x0000000084000000, 0x0000000087980000, 0x00000000d6b00000)
  object space 58880K, 13% used [0x0000000084000000,0x00000000847c7568,0x0000000087980000)
 Metaspace       used 24316K, capacity 24953K, committed 25136K, reserved 1073152K
  class space    used 2139K, capacity 2289K, committed 2352K, reserved 1048576K
}
{Heap before GC invocations=19 (full 1):
 PSYoungGen      total 261120K, used 255264K [0x00000000d6b00000, 0x00000000e9000000, 0x0000000100000000)
  eden space 254976K, 100% used [0x00000000d6b00000,0x00000000e6400000,0x00000000e6400000)
  from space 6144K, 4% used [0x00000000e6400000,0x00000000e6448000,0x00000000e6a00000)
  to   space 6144K, 0% used [0x00000000e8a00000,0x00000000e8a00000,0x00000000e9000000)
 ParOldGen       total 58880K, used 7965K [0x0000000084000000, 0x0000000087980000, 0x00000000d6b00000)
  object space 58880K, 13% used [0x0000000084000000,0x00000000847c7568,0x0000000087980000)
 Metaspace       used 24325K, capacity 24953K, committed 25136K, reserved 1073152K
  class space    used 2139K, capacity 2289K, committed 2352K, reserved 1048576K
2024-08-18T09:13:13.321+0000: 144.033: [GC (Allocation Failure) 
Desired survivor size 5767168 bytes, new threshold 9 (max 15)
[PSYoungGen: 255264K->320K(284672K)] 263229K->8285K(343552K), 0.0011466 secs] [Times: user=0.01 sys=0.00, real=0.00 secs] 
Heap after GC invocations=19 (full 1):
 PSYoungGen      total 284672K, used 320K [0x00000000d6b00000, 0x00000000e8b00000, 0x0000000100000000)
  eden space 283648K, 0% used [0x00000000d6b00000,0x00000000d6b00000,0x00000000e8000000)
  from space 1024K, 31% used [0x00000000e8a00000,0x00000000e8a50000,0x00000000e8b00000)
  to   space 5632K, 0% used [0x00000000e8000000,0x00000000e8000000,0x00000000e8580000)
 ParOldGen       total 58880K, used 7965K [0x0000000084000000, 0x0000000087980000, 0x00000000d6b00000)
  object space 58880K, 13% used [0x0000000084000000,0x00000000847c7568,0x0000000087980000)
 Metaspace       used 24325K, capacity 24953K, committed 25136K, reserved 1073152K
  class space    used 2139K, capacity 2289K, committed 2352K, reserved 1048576K
}
{Heap before GC invocations=20 (full 1):
 PSYoungGen      total 284672K, used 283968K [0x00000000d6b00000, 0x00000000e8b00000, 0x0000000100000000)
  eden space 283648K, 100% used [0x00000000d6b00000,0x00000000e8000000,0x00000000e8000000)
  from space 1024K, 31% used [0x00000000e8a00000,0x00000000e8a50000,0x00000000e8b00000)
  to   space 5632K, 0% used [0x00000000e8000000,0x00000000e8000000,0x00000000e8580000)
 ParOldGen       total 58880K, used 7965K [0x0000000084000000, 0x0000000087980000, 0x00000000d6b00000)
  object space 58880K, 13% used [0x0000000084000000,0x00000000847c7568,0x0000000087980000)
 Metaspace       used 24329K, capacity 24953K, committed 25136K, reserved 1073152K
  class space    used 2139K, capacity 2289K, committed 2352K, reserved 1048576K
2024-08-18T09:13:13.700+0000: 144.412: [GC (Allocation Failure) 
Desired survivor size 5767168 bytes, new threshold 10 (max 15)
[PSYoungGen: 283968K->320K(289280K)] 291933K->8285K(348160K), 0.0023500 secs] [Times: user=0.01 sys=0.00, real=0.00 secs] 
Heap after GC invocations=20 (full 1):
 PSYoungGen      total 289280K, used 320K [0x00000000d6b00000, 0x00000000ea800000, 0x0000000100000000)
  eden space 283648K, 0% used [0x00000000d6b00000,0x00000000d6b00000,0x00000000e8000000)
  from space 5632K, 5% used [0x00000000e8000000,0x00000000e8050000,0x00000000e8580000)
  to   space 5632K, 0% used [0x00000000ea280000,0x00000000ea280000,0x00000000ea800000)
 ParOldGen       total 58880K, used 7965K [0x0000000084000000, 0x0000000087980000, 0x00000000d6b00000)
  object space 58880K, 13% used [0x0000000084000000,0x00000000847c7568,0x0000000087980000)
 Metaspace       used 24329K, capacity 24953K, committed 25136K, reserved 1073152K
  class space    used 2139K, capacity 2289K, committed 2352K, reserved 1048576K
}
{Heap before GC invocations=21 (full 1):
 PSYoungGen      total 289280K, used 68363K [0x00000000d6b00000, 0x00000000ea800000, 0x0000000100000000)
  eden space 283648K, 23% used [0x00000000d6b00000,0x00000000dad72c58,0x00000000e8000000)
  from space 5632K, 5% used [0x00000000e8000000,0x00000000e8050000,0x00000000e8580000)
  to   space 5632K, 0% used [0x00000000ea280000,0x00000000ea280000,0x00000000ea800000)
 ParOldGen       total 58880K, used 7965K [0x0000000084000000, 0x0000000087980000, 0x00000000d6b00000)
  object space 58880K, 13% used [0x0000000084000000,0x00000000847c7568,0x0000000087980000)
 Metaspace       used 24341K, capacity 24963K, committed 25136K, reserved 1073152K
  class space    used 2141K, capacity 2291K, committed 2352K, reserved 1048576K
2024-08-18T09:13:18.506+0000: 149.219: [GC (System.gc()) 
Desired survivor size 5242880 bytes, new threshold 11 (max 15)
[PSYoungGen: 68363K->832K(317952K)] 76328K->8797K(376832K), 0.0040052 secs] [Times: user=0.01 sys=0.00, real=0.00 secs] 
Heap after GC invocations=21 (full 1):
 PSYoungGen      total 317952K, used 832K [0x00000000d6b00000, 0x00000000ea700000, 0x0000000100000000)
  eden space 313344K, 0% used [0x00000000d6b00000,0x00000000d6b00000,0x00000000e9d00000)
  from space 4608K, 18% used [0x00000000ea280000,0x00000000ea350000,0x00000000ea700000)
  to   space 5120K, 0% used [0x00000000e9d00000,0x00000000e9d00000,0x00000000ea200000)
 ParOldGen       total 58880K, used 7965K [0x0000000084000000, 0x0000000087980000, 0x00000000d6b00000)
  object space 58880K, 13% used [0x0000000084000000,0x00000000847c7568,0x0000000087980000)
 Metaspace       used 24341K, capacity 24963K, committed 25136K, reserved 1073152K
  class space    used 2141K, capacity 2291K, committed 2352K, reserved 1048576K
}
{Heap before GC invocations=22 (full 2):
 PSYoungGen      total 317952K, used 832K [0x00000000d6b00000, 0x00000000ea700000, 0x0000000100000000)
  eden space 313344K, 0% used [0x00000000d6b00000,0x00000000d6b00000,0x00000000e9d00000)
  from space 4608K, 18% used [0x00000000ea280000,0x00000000ea350000,0x00000000ea700000)
  to   space 5120K, 0% used [0x00000000e9d00000,0x00000000e9d00000,0x00000000ea200000)
 ParOldGen       total 58880K, used 7965K [0x0000000084000000, 0x0000000087980000, 0x00000000d6b00000)
  object space 58880K, 13% used [0x0000000084000000,0x00000000847c7568,0x0000000087980000)
 Metaspace       used 24341K, capacity 24963K, committed 25136K, reserved 1073152K
  class space    used 2141K, capacity 2291K, committed 2352K, reserved 1048576K
2024-08-18T09:13:18.510+0000: 149.223: [Full GC (System.gc()) [PSYoungGen: 832K->0K(317952K)] [ParOldGen: 7965K->7505K(58880K)] 8797K->7505K(376832K), [Metaspace: 24341K->24142K(1073152K)], 0.0743720 secs] [Times: user=0.10 sys=0.00, real=0.07 secs] 
Heap after GC invocations=22 (full 2):
 PSYoungGen      total 317952K, used 0K [0x00000000d6b00000, 0x00000000ea700000, 0x0000000100000000)
  eden space 313344K, 0% used [0x00000000d6b00000,0x00000000d6b00000,0x00000000e9d00000)
  from space 4608K, 0% used [0x00000000ea280000,0x00000000ea280000,0x00000000ea700000)
  to   space 5120K, 0% used [0x00000000e9d00000,0x00000000e9d00000,0x00000000ea200000)
 ParOldGen       total 58880K, used 7505K [0x0000000084000000, 0x0000000087980000, 0x00000000d6b00000)
  object space 58880K, 12% used [0x0000000084000000,0x0000000084754758,0x0000000087980000)
 Metaspace       used 24142K, capacity 24653K, committed 25136K, reserved 1073152K
  class space    used 2083K, capacity 2229K, committed 2352K, reserved 1048576K
}
{Heap before GC invocations=23 (full 2):
 PSYoungGen      total 317952K, used 12301K [0x00000000d6b00000, 0x00000000ea700000, 0x0000000100000000)
  eden space 313344K, 3% used [0x00000000d6b00000,0x00000000d77036b8,0x00000000e9d00000)
  from space 4608K, 0% used [0x00000000ea280000,0x00000000ea280000,0x00000000ea700000)
  to   space 5120K, 0% used [0x00000000e9d00000,0x00000000e9d00000,0x00000000ea200000)
 ParOldGen       total 58880K, used 7505K [0x0000000084000000, 0x0000000087980000, 0x00000000d6b00000)
  object space 58880K, 12% used [0x0000000084000000,0x0000000084754758,0x0000000087980000)
 Metaspace       used 24167K, capacity 24663K, committed 25136K, reserved 1073152K
  class space    used 2085K, capacity 2231K, committed 2352K, reserved 1048576K
2024-08-18T09:30:19.682+0000: 1170.395: [GC (System.gc()) 
Desired survivor size 5242880 bytes, new threshold 12 (max 15)
[PSYoungGen: 12301K->96K(318464K)] 19807K->7601K(377344K), 0.0013922 secs] [Times: user=0.00 sys=0.00, real=0.00 secs] 
Heap after GC invocations=23 (full 2):
 PSYoungGen      total 318464K, used 96K [0x00000000d6b00000, 0x00000000ea700000, 0x0000000100000000)
  eden space 313344K, 0% used [0x00000000d6b00000,0x00000000d6b00000,0x00000000e9d00000)
  from space 5120K, 1% used [0x00000000e9d00000,0x00000000e9d18000,0x00000000ea200000)
  to   space 5120K, 0% used [0x00000000ea200000,0x00000000ea200000,0x00000000ea700000)
 ParOldGen       total 58880K, used 7505K [0x0000000084000000, 0x0000000087980000, 0x00000000d6b00000)
  object space 58880K, 12% used [0x0000000084000000,0x0000000084754758,0x0000000087980000)
 Metaspace       used 24167K, capacity 24663K, committed 25136K, reserved 1073152K
  class space    used 2085K, capacity 2231K, committed 2352K, reserved 1048576K
}
{Heap before GC invocations=24 (full 3):
 PSYoungGen      total 318464K, used 96K [0x00000000d6b00000, 0x00000000ea700000, 0x0000000100000000)
  eden space 313344K, 0% used [0x00000000d6b00000,0x00000000d6b00000,0x00000000e9d00000)
  from space 5120K, 1% used [0x00000000e9d00000,0x00000000e9d18000,0x00000000ea200000)
  to   space 5120K, 0% used [0x00000000ea200000,0x00000000ea200000,0x00000000ea700000)
 ParOldGen       total 58880K, used 7505K [0x0000000084000000, 0x0000000087980000, 0x00000000d6b00000)
  object space 58880K, 12% used [0x0000000084000000,0x0000000084754758,0x0000000087980000)
 Metaspace       used 24167K, capacity 24663K, committed 25136K, reserved 1073152K
  class space    used 2085K, capacity 2231K, committed 2352K, reserved 1048576K
2024-08-18T09:30:19.684+0000: 1170.396: [Full GC (System.gc()) [PSYoungGen: 96K->0K(318464K)] [ParOldGen: 7505K->7423K(58880K)] 7601K->7423K(377344K), [Metaspace: 24167K->24160K(1073152K)], 0.0464960 secs] [Times: user=0.08 sys=0.00, real=0.05 secs] 
Heap after GC invocations=24 (full 3):
 PSYoungGen      total 318464K, used 0K [0x00000000d6b00000, 0x00000000ea700000, 0x0000000100000000)
  eden space 313344K, 0% used [0x00000000d6b00000,0x00000000d6b00000,0x00000000e9d00000)
  from space 5120K, 0% used [0x00000000e9d00000,0x00000000e9d00000,0x00000000ea200000)
  to   space 5120K, 0% used [0x00000000ea200000,0x00000000ea200000,0x00000000ea700000)
 ParOldGen       total 58880K, used 7423K [0x0000000084000000, 0x0000000087980000, 0x00000000d6b00000)
  object space 58880K, 12% used [0x0000000084000000,0x000000008473fe40,0x0000000087980000)
 Metaspace       used 24160K, capacity 24653K, committed 25136K, reserved 1073152K
  class space    used 2083K, capacity 2229K, committed 2352K, reserved 1048576K
}
{Heap before GC invocations=25 (full 3):
 PSYoungGen      total 318464K, used 313344K [0x00000000d6b00000, 0x00000000ea700000, 0x0000000100000000)
  eden space 313344K, 100% used [0x00000000d6b00000,0x00000000e9d00000,0x00000000e9d00000)
  from space 5120K, 0% used [0x00000000e9d00000,0x00000000e9d00000,0x00000000ea200000)
  to   space 5120K, 0% used [0x00000000ea200000,0x00000000ea200000,0x00000000ea700000)
 ParOldGen       total 58880K, used 7423K [0x0000000084000000, 0x0000000087980000, 0x00000000d6b00000)
  object space 58880K, 12% used [0x0000000084000000,0x000000008473fe40,0x0000000087980000)
 Metaspace       used 24214K, capacity 24671K, committed 25136K, reserved 1073152K
  class space    used 2085K, capacity 2231K, committed 2352K, reserved 1048576K
2024-08-18T09:30:38.654+0000: 1189.367: [GC (Allocation Failure) 
Desired survivor size 4718592 bytes, new threshold 13 (max 15)
[PSYoungGen: 313344K->480K(318976K)] 320767K->7911K(377856K), 0.0015707 secs] [Times: user=0.00 sys=0.00, real=0.00 secs] 
Heap after GC invocations=25 (full 3):
 PSYoungGen      total 318976K, used 480K [0x00000000d6b00000, 0x00000000ebf80000, 0x0000000100000000)
  eden space 313856K, 0% used [0x00000000d6b00000,0x00000000d6b00000,0x00000000e9d80000)
  from space 5120K, 9% used [0x00000000ea200000,0x00000000ea278010,0x00000000ea700000)
  to   space 4608K, 0% used [0x00000000e9d80000,0x00000000e9d80000,0x00000000ea200000)
 ParOldGen       total 58880K, used 7431K [0x0000000084000000, 0x0000000087980000, 0x00000000d6b00000)
  object space 58880K, 12% used [0x0000000084000000,0x0000000084741e40,0x0000000087980000)
 Metaspace       used 24214K, capacity 24671K, committed 25136K, reserved 1073152K
  class space    used 2085K, capacity 2231K, committed 2352K, reserved 1048576K
}
{Heap before GC invocations=26 (full 3):
 PSYoungGen      total 318976K, used 314336K [0x00000000d6b00000, 0x00000000ebf80000, 0x0000000100000000)
  eden space 313856K, 100% used [0x00000000d6b00000,0x00000000e9d80000,0x00000000e9d80000)
  from space 5120K, 9% used [0x00000000ea200000,0x00000000ea278010,0x00000000ea700000)
  to   space 4608K, 0% used [0x00000000e9d80000,0x00000000e9d80000,0x00000000ea200000)
 ParOldGen       total 58880K, used 7431K [0x0000000084000000, 0x0000000087980000, 0x00000000d6b00000)
  object space 58880K, 12% used [0x0000000084000000,0x0000000084741e40,0x0000000087980000)
 Metaspace       used 24214K, capacity 24671K, committed 25136K, reserved 1073152K
  class space    used 2085K, capacity 2231K, committed 2352K, reserved 1048576K
2024-08-18T09:30:38.987+0000: 1189.700: [GC (Allocation Failure) 
Desired survivor size 4718592 bytes, new threshold 14 (max 15)
[PSYoungGen: 314336K->512K(318464K)] 321767K->7943K(377344K), 0.0024225 secs] [Times: user=0.01 sys=0.00, real=0.00 secs] 
Heap after GC invocations=26 (full 3):
 PSYoungGen      total 318464K, used 512K [0x00000000d6b00000, 0x00000000ec080000, 0x0000000100000000)
  eden space 313856K, 0% used [0x00000000d6b00000,0x00000000d6b00000,0x00000000e9d80000)
  from space 4608K, 11% used [0x00000000e9d80000,0x00000000e9e00010,0x00000000ea200000)
  to   space 4608K, 0% used [0x00000000ebc00000,0x00000000ebc00000,0x00000000ec080000)
 ParOldGen       total 58880K, used 7431K [0x0000000084000000, 0x0000000087980000, 0x00000000d6b00000)
  object space 58880K, 12% used [0x0000000084000000,0x0000000084741e40,0x0000000087980000)
 Metaspace       used 24214K, capacity 24671K, committed 25136K, reserved 1073152K
  class space    used 2085K, capacity 2231K, committed 2352K, reserved 1048576K
}
{Heap before GC invocations=27 (full 3):
 PSYoungGen      total 318464K, used 314368K [0x00000000d6b00000, 0x00000000ec080000, 0x0000000100000000)
  eden space 313856K, 100% used [0x00000000d6b00000,0x00000000e9d80000,0x00000000e9d80000)
  from space 4608K, 11% used [0x00000000e9d80000,0x00000000e9e00010,0x00000000ea200000)
  to   space 4608K, 0% used [0x00000000ebc00000,0x00000000ebc00000,0x00000000ec080000)
 ParOldGen       total 58880K, used 7431K [0x0000000084000000, 0x0000000087980000, 0x00000000d6b00000)
  object space 58880K, 12% used [0x0000000084000000,0x0000000084741e40,0x0000000087980000)
 Metaspace       used 24214K, capacity 24671K, committed 25136K, reserved 1073152K
  class space    used 2085K, capacity 2231K, committed 2352K, reserved 1048576K
2024-08-18T09:30:39.336+0000: 1190.048: [GC (Allocation Failure) 
Desired survivor size 4194304 bytes, new threshold 15 (max 15)
[PSYoungGen: 314368K->512K(342016K)] 321799K->7943K(400896K), 0.0018693 secs] [Times: user=0.01 sys=0.00, real=0.00 secs] 
Heap after GC invocations=27 (full 3):
 PSYoungGen      total 342016K, used 512K [0x00000000d6b00000, 0x00000000ebe80000, 0x0000000100000000)
  eden space 339456K, 0% used [0x00000000d6b00000,0x00000000d6b00000,0x00000000eb680000)
  from space 2560K, 20% used [0x00000000ebc00000,0x00000000ebc80010,0x00000000ebe80000)
  to   space 4096K, 0% used [0x00000000eb680000,0x00000000eb680000,0x00000000eba80000)
 ParOldGen       total 58880K, used 7431K [0x0000000084000000, 0x0000000087980000, 0x00000000d6b00000)
  object space 58880K, 12% used [0x0000000084000000,0x0000000084741e40,0x0000000087980000)
 Metaspace       used 24214K, capacity 24671K, committed 25136K, reserved 1073152K
  class space    used 2085K, capacity 2231K, committed 2352K, reserved 1048576K
}
{Heap before GC invocations=28 (full 3):
 PSYoungGen      total 342016K, used 339968K [0x00000000d6b00000, 0x00000000ebe80000, 0x0000000100000000)
  eden space 339456K, 100% used [0x00000000d6b00000,0x00000000eb680000,0x00000000eb680000)
  from space 2560K, 20% used [0x00000000ebc00000,0x00000000ebc80010,0x00000000ebe80000)
  to   space 4096K, 0% used [0x00000000eb680000,0x00000000eb680000,0x00000000eba80000)
 ParOldGen       total 58880K, used 7431K [0x0000000084000000, 0x0000000087980000, 0x00000000d6b00000)
  object space 58880K, 12% used [0x0000000084000000,0x0000000084741e40,0x0000000087980000)
 Metaspace       used 24214K, capacity 24671K, committed 25136K, reserved 1073152K
  class space    used 2085K, capacity 2231K, committed 2352K, reserved 1048576K
2024-08-18T09:30:39.610+0000: 1190.323: [GC (Allocation Failure) 
Desired survivor size 4194304 bytes, new threshold 15 (max 15)
[PSYoungGen: 339968K->576K(343552K)] 347399K->8007K(402432K), 0.0012864 secs] [Times: user=0.00 sys=0.00, real=0.00 secs] 
Heap after GC invocations=28 (full 3):
 PSYoungGen      total 343552K, used 576K [0x00000000d6b00000, 0x00000000ed780000, 0x0000000100000000)
  eden space 339456K, 0% used [0x00000000d6b00000,0x00000000d6b00000,0x00000000eb680000)
  from space 4096K, 14% used [0x00000000eb680000,0x00000000eb710010,0x00000000eba80000)
  to   space 4096K, 0% used [0x00000000ed380000,0x00000000ed380000,0x00000000ed780000)
 ParOldGen       total 58880K, used 7431K [0x0000000084000000, 0x0000000087980000, 0x00000000d6b00000)
  object space 58880K, 12% used [0x0000000084000000,0x0000000084741e40,0x0000000087980000)
 Metaspace       used 24214K, capacity 24671K, committed 25136K, reserved 1073152K
  class space    used 2085K, capacity 2231K, committed 2352K, reserved 1048576K
}
{Heap before GC invocations=29 (full 3):
 PSYoungGen      total 343552K, used 340032K [0x00000000d6b00000, 0x00000000ed780000, 0x0000000100000000)
  eden space 339456K, 100% used [0x00000000d6b00000,0x00000000eb680000,0x00000000eb680000)
  from space 4096K, 14% used [0x00000000eb680000,0x00000000eb710010,0x00000000eba80000)
  to   space 4096K, 0% used [0x00000000ed380000,0x00000000ed380000,0x00000000ed780000)
 ParOldGen       total 58880K, used 7431K [0x0000000084000000, 0x0000000087980000, 0x00000000d6b00000)
  object space 58880K, 12% used [0x0000000084000000,0x0000000084741e40,0x0000000087980000)
 Metaspace       used 24228K, capacity 24735K, committed 25136K, reserved 1073152K
  class space    used 2085K, capacity 2231K, committed 2352K, reserved 1048576K
2024-08-18T09:30:39.857+0000: 1190.569: [GC (Allocation Failure) 
Desired survivor size 3670016 bytes, new threshold 15 (max 15)
[PSYoungGen: 340032K->640K(367104K)] 347463K->8071K(425984K), 0.0013720 secs] [Times: user=0.01 sys=0.00, real=0.00 secs] 
Heap after GC invocations=29 (full 3):
 PSYoungGen      total 367104K, used 640K [0x00000000d6b00000, 0x00000000ed600000, 0x0000000100000000)
  eden space 364544K, 0% used [0x00000000d6b00000,0x00000000d6b00000,0x00000000ecf00000)
  from space 2560K, 25% used [0x00000000ed380000,0x00000000ed420010,0x00000000ed600000)
  to   space 3584K, 0% used [0x00000000ecf00000,0x00000000ecf00000,0x00000000ed280000)
 ParOldGen       total 58880K, used 7431K [0x0000000084000000, 0x0000000087980000, 0x00000000d6b00000)
  object space 58880K, 12% used [0x0000000084000000,0x0000000084741e40,0x0000000087980000)
 Metaspace       used 24228K, capacity 24735K, committed 25136K, reserved 1073152K
  class space    used 2085K, capacity 2231K, committed 2352K, reserved 1048576K
}
{Heap before GC invocations=30 (full 3):
 PSYoungGen      total 367104K, used 365184K [0x00000000d6b00000, 0x00000000ed600000, 0x0000000100000000)
  eden space 364544K, 100% used [0x00000000d6b00000,0x00000000ecf00000,0x00000000ecf00000)
  from space 2560K, 25% used [0x00000000ed380000,0x00000000ed420010,0x00000000ed600000)
  to   space 3584K, 0% used [0x00000000ecf00000,0x00000000ecf00000,0x00000000ed280000)
 ParOldGen       total 58880K, used 7431K [0x0000000084000000, 0x0000000087980000, 0x00000000d6b00000)
  object space 58880K, 12% used [0x0000000084000000,0x0000000084741e40,0x0000000087980000)
 Metaspace       used 24228K, capacity 24735K, committed 25136K, reserved 1073152K
  class space    used 2085K, capacity 2231K, committed 2352K, reserved 1048576K
2024-08-18T09:30:40.255+0000: 1190.968: [GC (Allocation Failure) 
Desired survivor size 3670016 bytes, new threshold 15 (max 15)
[PSYoungGen: 365184K->863K(368128K)] 372615K->8294K(427008K), 0.0015126 secs] [Times: user=0.00 sys=0.00, real=0.00 secs] 
Heap after GC invocations=30 (full 3):
 PSYoungGen      total 368128K, used 863K [0x00000000d6b00000, 0x00000000ee880000, 0x0000000100000000)
  eden space 364544K, 0% used [0x00000000d6b00000,0x00000000d6b00000,0x00000000ecf00000)
  from space 3584K, 24% used [0x00000000ecf00000,0x00000000ecfd7c58,0x00000000ed280000)
  to   space 3584K, 0% used [0x00000000ee500000,0x00000000ee500000,0x00000000ee880000)
 ParOldGen       total 58880K, used 7431K [0x0000000084000000, 0x0000000087980000, 0x00000000d6b00000)
  object space 58880K, 12% used [0x0000000084000000,0x0000000084741e40,0x0000000087980000)
 Metaspace       used 24228K, capacity 24735K, committed 25136K, reserved 1073152K
  class space    used 2085K, capacity 2231K, committed 2352K, reserved 1048576K
}
{Heap before GC invocations=31 (full 3):
 PSYoungGen      total 368128K, used 365407K [0x00000000d6b00000, 0x00000000ee880000, 0x0000000100000000)
  eden space 364544K, 100% used [0x00000000d6b00000,0x00000000ecf00000,0x00000000ecf00000)
  from space 3584K, 24% used [0x00000000ecf00000,0x00000000ecfd7c58,0x00000000ed280000)
  to   space 3584K, 0% used [0x00000000ee500000,0x00000000ee500000,0x00000000ee880000)
 ParOldGen       total 58880K, used 7431K [0x0000000084000000, 0x0000000087980000, 0x00000000d6b00000)
  object space 58880K, 12% used [0x0000000084000000,0x0000000084741e40,0x0000000087980000)
 Metaspace       used 24278K, capacity 24821K, committed 25392K, reserved 1073152K
  class space    used 2088K, capacity 2235K, committed 2352K, reserved 1048576K
2024-08-18T09:30:56.221+0000: 1206.934: [GC (Allocation Failure) 
Desired survivor size 3145728 bytes, new threshold 15 (max 15)
[PSYoungGen: 365407K->639K(380416K)] 372838K->8078K(439296K), 0.0016422 secs] [Times: user=0.01 sys=0.00, real=0.00 secs] 
Heap after GC invocations=31 (full 3):
 PSYoungGen      total 380416K, used 639K [0x00000000d6b00000, 0x00000000ee600000, 0x0000000100000000)
  eden space 379392K, 0% used [0x00000000d6b00000,0x00000000d6b00000,0x00000000edd80000)
  from space 1024K, 62% used [0x00000000ee500000,0x00000000ee59fc58,0x00000000ee600000)
  to   space 3072K, 0% used [0x00000000ee000000,0x00000000ee000000,0x00000000ee300000)
 ParOldGen       total 58880K, used 7439K [0x0000000084000000, 0x0000000087980000, 0x00000000d6b00000)
  object space 58880K, 12% used [0x0000000084000000,0x0000000084743e40,0x0000000087980000)
 Metaspace       used 24278K, capacity 24821K, committed 25392K, reserved 1073152K
  class space    used 2088K, capacity 2235K, committed 2352K, reserved 1048576K
}
{Heap before GC invocations=32 (full 3):
 PSYoungGen      total 380416K, used 380031K [0x00000000d6b00000, 0x00000000ee600000, 0x0000000100000000)
  eden space 379392K, 100% used [0x00000000d6b00000,0x00000000edd80000,0x00000000edd80000)
  from space 1024K, 62% used [0x00000000ee500000,0x00000000ee59fc58,0x00000000ee600000)
  to   space 3072K, 0% used [0x00000000ee000000,0x00000000ee000000,0x00000000ee300000)
 ParOldGen       total 58880K, used 7439K [0x0000000084000000, 0x0000000087980000, 0x00000000d6b00000)
  object space 58880K, 12% used [0x0000000084000000,0x0000000084743e40,0x0000000087980000)
 Metaspace       used 24311K, capacity 24825K, committed 25392K, reserved 1073152K
  class space    used 2088K, capacity 2235K, committed 2352K, reserved 1048576K
2024-08-18T09:30:56.563+0000: 1207.276: [GC (Allocation Failure) 
Desired survivor size 3145728 bytes, new threshold 15 (max 15)
[PSYoungGen: 380031K->671K(385024K)] 387470K->8110K(443904K), 0.0029232 secs] [Times: user=0.01 sys=0.00, real=0.01 secs] 
Heap after GC invocations=32 (full 3):
 PSYoungGen      total 385024K, used 671K [0x00000000d6b00000, 0x00000000ef600000, 0x0000000100000000)
  eden space 381952K, 0% used [0x00000000d6b00000,0x00000000d6b00000,0x00000000ee000000)
  from space 3072K, 21% used [0x00000000ee000000,0x00000000ee0a7c58,0x00000000ee300000)
  to   space 3072K, 0% used [0x00000000ef300000,0x00000000ef300000,0x00000000ef600000)
 ParOldGen       total 58880K, used 7439K [0x0000000084000000, 0x0000000087980000, 0x00000000d6b00000)
  object space 58880K, 12% used [0x0000000084000000,0x0000000084743e40,0x0000000087980000)
 Metaspace       used 24311K, capacity 24825K, committed 25392K, reserved 1073152K
  class space    used 2088K, capacity 2235K, committed 2352K, reserved 1048576K
}
{Heap before GC invocations=33 (full 3):
 PSYoungGen      total 385024K, used 382623K [0x00000000d6b00000, 0x00000000ef600000, 0x0000000100000000)
  eden space 381952K, 100% used [0x00000000d6b00000,0x00000000ee000000,0x00000000ee000000)
  from space 3072K, 21% used [0x00000000ee000000,0x00000000ee0a7c58,0x00000000ee300000)
  to   space 3072K, 0% used [0x00000000ef300000,0x00000000ef300000,0x00000000ef600000)
 ParOldGen       total 58880K, used 7439K [0x0000000084000000, 0x0000000087980000, 0x00000000d6b00000)
  object space 58880K, 12% used [0x0000000084000000,0x0000000084743e40,0x0000000087980000)
 Metaspace       used 24316K, capacity 24825K, committed 25392K, reserved 1073152K
  class space    used 2088K, capacity 2235K, committed 2352K, reserved 1048576K
2024-08-18T09:30:56.854+0000: 1207.566: [GC (Allocation Failure) 
Desired survivor size 2621440 bytes, new threshold 15 (max 15)
[PSYoungGen: 382623K->735K(401920K)] 390062K->8174K(460800K), 0.0014640 secs] [Times: user=0.00 sys=0.00, real=0.00 secs] 
Heap after GC invocations=33 (full 3):
 PSYoungGen      total 401920K, used 735K [0x00000000d6b00000, 0x00000000ef780000, 0x0000000100000000)
  eden space 398848K, 0% used [0x00000000d6b00000,0x00000000d6b00000,0x00000000ef080000)
  from space 3072K, 23% used [0x00000000ef300000,0x00000000ef3b7c58,0x00000000ef600000)
  to   space 2560K, 0% used [0x00000000ef080000,0x00000000ef080000,0x00000000ef300000)
 ParOldGen       total 58880K, used 7439K [0x0000000084000000, 0x0000000087980000, 0x00000000d6b00000)
  object space 58880K, 12% used [0x0000000084000000,0x0000000084743e40,0x0000000087980000)
 Metaspace       used 24316K, capacity 24825K, committed 25392K, reserved 1073152K
  class space    used 2088K, capacity 2235K, committed 2352K, reserved 1048576K
}
{Heap before GC invocations=34 (full 3):
 PSYoungGen      total 401920K, used 399583K [0x00000000d6b00000, 0x00000000ef780000, 0x0000000100000000)
  eden space 398848K, 100% used [0x00000000d6b00000,0x00000000ef080000,0x00000000ef080000)
  from space 3072K, 23% used [0x00000000ef300000,0x00000000ef3b7c58,0x00000000ef600000)
  to   space 2560K, 0% used [0x00000000ef080000,0x00000000ef080000,0x00000000ef300000)
 ParOldGen       total 58880K, used 7439K [0x0000000084000000, 0x0000000087980000, 0x00000000d6b00000)
  object space 58880K, 12% used [0x0000000084000000,0x0000000084743e40,0x0000000087980000)
 Metaspace       used 24317K, capacity 24825K, committed 25392K, reserved 1073152K
  class space    used 2088K, capacity 2235K, committed 2352K, reserved 1048576K
2024-08-18T09:30:57.155+0000: 1207.867: [GC (Allocation Failure) 
Desired survivor size 2621440 bytes, new threshold 15 (max 15)
[PSYoungGen: 399583K->799K(401408K)] 407022K->8238K(460288K), 0.0015962 secs] [Times: user=0.00 sys=0.00, real=0.00 secs] 
Heap after GC invocations=34 (full 3):
 PSYoungGen      total 401408K, used 799K [0x00000000d6b00000, 0x00000000f0900000, 0x0000000100000000)
  eden space 398848K, 0% used [0x00000000d6b00000,0x00000000d6b00000,0x00000000ef080000)
  from space 2560K, 31% used [0x00000000ef080000,0x00000000ef147c58,0x00000000ef300000)
  to   space 2560K, 0% used [0x00000000f0680000,0x00000000f0680000,0x00000000f0900000)
 ParOldGen       total 58880K, used 7439K [0x0000000084000000, 0x0000000087980000, 0x00000000d6b00000)
  object space 58880K, 12% used [0x0000000084000000,0x0000000084743e40,0x0000000087980000)
 Metaspace       used 24317K, capacity 24825K, committed 25392K, reserved 1073152K
  class space    used 2088K, capacity 2235K, committed 2352K, reserved 1048576K
}
{Heap before GC invocations=35 (full 3):
 PSYoungGen      total 401408K, used 399647K [0x00000000d6b00000, 0x00000000f0900000, 0x0000000100000000)
  eden space 398848K, 100% used [0x00000000d6b00000,0x00000000ef080000,0x00000000ef080000)
  from space 2560K, 31% used [0x00000000ef080000,0x00000000ef147c58,0x00000000ef300000)
  to   space 2560K, 0% used [0x00000000f0680000,0x00000000f0680000,0x00000000f0900000)
 ParOldGen       total 58880K, used 7439K [0x0000000084000000, 0x0000000087980000, 0x00000000d6b00000)
  object space 58880K, 12% used [0x0000000084000000,0x0000000084743e40,0x0000000087980000)
 Metaspace       used 24323K, capacity 24825K, committed 25392K, reserved 1073152K
  class space    used 2088K, capacity 2235K, committed 2352K, reserved 1048576K
2024-08-18T09:30:57.430+0000: 1208.142: [GC (Allocation Failure) 
Desired survivor size 2621440 bytes, new threshold 15 (max 15)
[PSYoungGen: 399647K->863K(421376K)] 407086K->8310K(480256K), 0.0018418 secs] [Times: user=0.01 sys=0.00, real=0.00 secs] 
Heap after GC invocations=35 (full 3):
 PSYoungGen      total 421376K, used 863K [0x00000000d6b00000, 0x00000000f0a00000, 0x0000000100000000)
  eden space 418816K, 0% used [0x00000000d6b00000,0x00000000d6b00000,0x00000000f0400000)
  from space 2560K, 33% used [0x00000000f0680000,0x00000000f0757c58,0x00000000f0900000)
  to   space 2560K, 0% used [0x00000000f0400000,0x00000000f0400000,0x00000000f0680000)
 ParOldGen       total 58880K, used 7447K [0x0000000084000000, 0x0000000087980000, 0x00000000d6b00000)
  object space 58880K, 12% used [0x0000000084000000,0x0000000084745e40,0x0000000087980000)
 Metaspace       used 24323K, capacity 24825K, committed 25392K, reserved 1073152K
  class space    used 2088K, capacity 2235K, committed 2352K, reserved 1048576K
}
{Heap before GC invocations=36 (full 3):
 PSYoungGen      total 421376K, used 419679K [0x00000000d6b00000, 0x00000000f0a00000, 0x0000000100000000)
  eden space 418816K, 100% used [0x00000000d6b00000,0x00000000f0400000,0x00000000f0400000)
  from space 2560K, 33% used [0x00000000f0680000,0x00000000f0757c58,0x00000000f0900000)
  to   space 2560K, 0% used [0x00000000f0400000,0x00000000f0400000,0x00000000f0680000)
 ParOldGen       total 58880K, used 7447K [0x0000000084000000, 0x0000000087980000, 0x00000000d6b00000)
  object space 58880K, 12% used [0x0000000084000000,0x0000000084745e40,0x0000000087980000)
 Metaspace       used 24323K, capacity 24825K, committed 25392K, reserved 1073152K
  class space    used 2088K, capacity 2235K, committed 2352K, reserved 1048576K
2024-08-18T09:30:57.831+0000: 1208.543: [GC (Allocation Failure) 
Desired survivor size 2621440 bytes, new threshold 15 (max 15)
[PSYoungGen: 419679K->927K(421376K)] 427126K->8374K(480256K), 0.0016134 secs] [Times: user=0.00 sys=0.00, real=0.00 secs] 
Heap after GC invocations=36 (full 3):
 PSYoungGen      total 421376K, used 927K [0x00000000d6b00000, 0x00000000f1d80000, 0x0000000100000000)
  eden space 418816K, 0% used [0x00000000d6b00000,0x00000000d6b00000,0x00000000f0400000)
  from space 2560K, 36% used [0x00000000f0400000,0x00000000f04e7c58,0x00000000f0680000)
  to   space 2560K, 0% used [0x00000000f1b00000,0x00000000f1b00000,0x00000000f1d80000)
 ParOldGen       total 58880K, used 7447K [0x0000000084000000, 0x0000000087980000, 0x00000000d6b00000)
  object space 58880K, 12% used [0x0000000084000000,0x0000000084745e40,0x0000000087980000)
 Metaspace       used 24323K, capacity 24825K, committed 25392K, reserved 1073152K
  class space    used 2088K, capacity 2235K, committed 2352K, reserved 1048576K
}
{Heap before GC invocations=37 (full 3):
 PSYoungGen      total 421376K, used 419743K [0x00000000d6b00000, 0x00000000f1d80000, 0x0000000100000000)
  eden space 418816K, 100% used [0x00000000d6b00000,0x00000000f0400000,0x00000000f0400000)
  from space 2560K, 36% used [0x00000000f0400000,0x00000000f04e7c58,0x00000000f0680000)
  to   space 2560K, 0% used [0x00000000f1b00000,0x00000000f1b00000,0x00000000f1d80000)
 ParOldGen       total 58880K, used 7447K [0x0000000084000000, 0x0000000087980000, 0x00000000d6b00000)
  object space 58880K, 12% used [0x0000000084000000,0x0000000084745e40,0x0000000087980000)
 Metaspace       used 24324K, capacity 24825K, committed 25392K, reserved 1073152K
  class space    used 2088K, capacity 2235K, committed 2352K, reserved 1048576K
2024-08-18T09:30:58.171+0000: 1208.884: [GC (Allocation Failure) 
Desired survivor size 2621440 bytes, new threshold 15 (max 15)
[PSYoungGen: 419743K->991K(441344K)] 427190K->8438K(500224K), 0.0016465 secs] [Times: user=0.01 sys=0.00, real=0.01 secs] 
Heap after GC invocations=37 (full 3):
 PSYoungGen      total 441344K, used 991K [0x00000000d6b00000, 0x00000000f1d00000, 0x0000000100000000)
  eden space 439296K, 0% used [0x00000000d6b00000,0x00000000d6b00000,0x00000000f1800000)
  from space 2048K, 48% used [0x00000000f1b00000,0x00000000f1bf7c58,0x00000000f1d00000)
  to   space 2560K, 0% used [0x00000000f1800000,0x00000000f1800000,0x00000000f1a80000)
 ParOldGen       total 58880K, used 7447K [0x0000000084000000, 0x0000000087980000, 0x00000000d6b00000)
  object space 58880K, 12% used [0x0000000084000000,0x0000000084745e40,0x0000000087980000)
 Metaspace       used 24324K, capacity 24825K, committed 25392K, reserved 1073152K
  class space    used 2088K, capacity 2235K, committed 2352K, reserved 1048576K
}
{Heap before GC invocations=38 (full 3):
 PSYoungGen      total 441344K, used 440287K [0x00000000d6b00000, 0x00000000f1d00000, 0x0000000100000000)
  eden space 439296K, 100% used [0x00000000d6b00000,0x00000000f1800000,0x00000000f1800000)
  from space 2048K, 48% used [0x00000000f1b00000,0x00000000f1bf7c58,0x00000000f1d00000)
  to   space 2560K, 0% used [0x00000000f1800000,0x00000000f1800000,0x00000000f1a80000)
 ParOldGen       total 58880K, used 7447K [0x0000000084000000, 0x0000000087980000, 0x00000000d6b00000)
  object space 58880K, 12% used [0x0000000084000000,0x0000000084745e40,0x0000000087980000)
 Metaspace       used 24324K, capacity 24825K, committed 25392K, reserved 1073152K
  class space    used 2088K, capacity 2235K, committed 2352K, reserved 1048576K
2024-08-18T09:30:58.626+0000: 1209.338: [GC (Allocation Failure) 
Desired survivor size 2621440 bytes, new threshold 15 (max 15)
[PSYoungGen: 440287K->1087K(441856K)] 447734K->8534K(500736K), 0.0034573 secs] [Times: user=0.01 sys=0.00, real=0.00 secs] 
Heap after GC invocations=38 (full 3):
 PSYoungGen      total 441856K, used 1087K [0x00000000d6b00000, 0x00000000f3080000, 0x0000000100000000)
  eden space 439296K, 0% used [0x00000000d6b00000,0x00000000d6b00000,0x00000000f1800000)
  from space 2560K, 42% used [0x00000000f1800000,0x00000000f190fc58,0x00000000f1a80000)
  to   space 2560K, 0% used [0x00000000f2e00000,0x00000000f2e00000,0x00000000f3080000)
 ParOldGen       total 58880K, used 7447K [0x0000000084000000, 0x0000000087980000, 0x00000000d6b00000)
  object space 58880K, 12% used [0x0000000084000000,0x0000000084745e40,0x0000000087980000)
 Metaspace       used 24324K, capacity 24825K, committed 25392K, reserved 1073152K
  class space    used 2088K, capacity 2235K, committed 2352K, reserved 1048576K
}
{Heap before GC invocations=39 (full 3):
 PSYoungGen      total 441856K, used 18826K [0x00000000d6b00000, 0x00000000f3080000, 0x0000000100000000)
  eden space 439296K, 4% used [0x00000000d6b00000,0x00000000d7c52e60,0x00000000f1800000)
  from space 2560K, 42% used [0x00000000f1800000,0x00000000f190fc58,0x00000000f1a80000)
  to   space 2560K, 0% used [0x00000000f2e00000,0x00000000f2e00000,0x00000000f3080000)
 ParOldGen       total 58880K, used 7447K [0x0000000084000000, 0x0000000087980000, 0x00000000d6b00000)
  object space 58880K, 12% used [0x0000000084000000,0x0000000084745e40,0x0000000087980000)
 Metaspace       used 24341K, capacity 24841K, committed 25392K, reserved 1073152K
  class space    used 2090K, capacity 2238K, committed 2352K, reserved 1048576K
2024-08-18T09:31:02.317+0000: 1213.029: [GC (System.gc()) 
Desired survivor size 2097152 bytes, new threshold 15 (max 15)
[PSYoungGen: 18826K->671K(460800K)] 26274K->8118K(519680K), 0.0014508 secs] [Times: user=0.01 sys=0.00, real=0.00 secs] 
Heap after GC invocations=39 (full 3):
 PSYoungGen      total 460800K, used 671K [0x00000000d6b00000, 0x00000000f2f80000, 0x0000000100000000)
  eden space 459264K, 0% used [0x00000000d6b00000,0x00000000d6b00000,0x00000000f2b80000)
  from space 1536K, 43% used [0x00000000f2e00000,0x00000000f2ea7c58,0x00000000f2f80000)
  to   space 2048K, 0% used [0x00000000f2b80000,0x00000000f2b80000,0x00000000f2d80000)
 ParOldGen       total 58880K, used 7447K [0x0000000084000000, 0x0000000087980000, 0x00000000d6b00000)
  object space 58880K, 12% used [0x0000000084000000,0x0000000084745e40,0x0000000087980000)
 Metaspace       used 24341K, capacity 24841K, committed 25392K, reserved 1073152K
  class space    used 2090K, capacity 2238K, committed 2352K, reserved 1048576K
}
{Heap before GC invocations=40 (full 4):
 PSYoungGen      total 460800K, used 671K [0x00000000d6b00000, 0x00000000f2f80000, 0x0000000100000000)
  eden space 459264K, 0% used [0x00000000d6b00000,0x00000000d6b00000,0x00000000f2b80000)
  from space 1536K, 43% used [0x00000000f2e00000,0x00000000f2ea7c58,0x00000000f2f80000)
  to   space 2048K, 0% used [0x00000000f2b80000,0x00000000f2b80000,0x00000000f2d80000)
 ParOldGen       total 58880K, used 7447K [0x0000000084000000, 0x0000000087980000, 0x00000000d6b00000)
  object space 58880K, 12% used [0x0000000084000000,0x0000000084745e40,0x0000000087980000)
 Metaspace       used 24341K, capacity 24841K, committed 25392K, reserved 1073152K
  class space    used 2090K, capacity 2238K, committed 2352K, reserved 1048576K
2024-08-18T09:31:02.318+0000: 1213.031: [Full GC (System.gc()) [PSYoungGen: 671K->0K(460800K)] [ParOldGen: 7447K->7704K(58880K)] 8118K->7704K(519680K), [Metaspace: 24341K->24321K(1073152K)], 0.0592262 secs] [Times: user=0.08 sys=0.00, real=0.06 secs] 