[0.005s][info][gc,init] CardTable entry size: 512
[0.005s][info][gc     ] Using G1
[0.006s][info][gc,init] Version: 23.0.1 (release)
[0.006s][info][gc,init] CPUs: 10 total, 10 available
[0.006s][info][gc,init] Memory: 16384M
[0.006s][info][gc,init] Large Page Support: Disabled
[0.006s][info][gc,init] NUMA Support: Disabled
[0.006s][info][gc,init] Compressed Oops: Enabled (Zero based)
[0.006s][info][gc,init] Heap Region Size: 2M
[0.006s][info][gc,init] Heap Min Capacity: 8M
[0.006s][info][gc,init] Heap Initial Capacity: 256M
[0.006s][info][gc,init] Heap Max Capacity: 4G
[0.006s][info][gc,init] Pre-touch: Disabled
[0.006s][info][gc,init] Parallel Workers: 9
[0.006s][info][gc,init] Concurrent Workers: 2
[0.006s][info][gc,init] Concurrent Refinement Workers: 9
[0.006s][info][gc,init] Periodic GC: Disabled
[0.012s][info][gc,metaspace] CDS archive(s) mapped at: [0x0000080000000000-0x0000080000d94000-0x0000080000d94000), size 14237696, SharedBaseAddress: 0x0000080000000000, ArchiveRelocationMode: 1.
[0.012s][info][gc,metaspace] Compressed class space mapped at: 0x0000080001000000-0x0000080041000000, reserved size: 1073741824
[0.012s][info][gc,metaspace] Narrow klass base: 0x0000080000000000, Narrow klass shift: 0, Narrow klass range: 0x100000000
[0.366s][info][gc,start    ] GC(0) Pause Young (Normal) (G1 Evacuation Pause)
[0.366s][info][gc,task     ] GC(0) Using 6 workers of 9 for evacuation
[0.369s][info][gc,phases   ] GC(0)   Pre Evacuate Collection Set: 0.29ms
[0.369s][info][gc,phases   ] GC(0)   Merge Heap Roots: 0.05ms
[0.369s][info][gc,phases   ] GC(0)   Evacuate Collection Set: 1.70ms
[0.369s][info][gc,phases   ] GC(0)   Post Evacuate Collection Set: 0.15ms
[0.369s][info][gc,phases   ] GC(0)   Other: 0.17ms
[0.369s][info][gc,heap     ] GC(0) Eden regions: 12->0(11)
[0.369s][info][gc,heap     ] GC(0) Survivor regions: 0->2(2)
[0.369s][info][gc,heap     ] GC(0) Old regions: 1->1
[0.369s][info][gc,heap     ] GC(0) Humongous regions: 3->2
[0.369s][info][gc,metaspace] GC(0) Metaspace: 10924K(11136K)->10924K(11136K) NonClass: 10108K(10240K)->10108K(10240K) Class: 816K(896K)->816K(896K)
[0.369s][info][gc          ] GC(0) Pause Young (Normal) (G1 Evacuation Pause) 31M->8M(258M) 2.482ms
[0.369s][info][gc,cpu      ] GC(0) User=0.00s Sys=0.00s Real=0.00s
[0.528s][info][gc,start    ] GC(1) Pause Young (Normal) (G1 Evacuation Pause)
[0.528s][info][gc,task     ] GC(1) Using 6 workers of 9 for evacuation
[0.531s][info][gc,phases   ] GC(1)   Pre Evacuate Collection Set: 0.07ms
[0.531s][info][gc,phases   ] GC(1)   Merge Heap Roots: 0.06ms
[0.531s][info][gc,phases   ] GC(1)   Evacuate Collection Set: 1.85ms
[0.531s][info][gc,phases   ] GC(1)   Post Evacuate Collection Set: 0.29ms
[0.531s][info][gc,phases   ] GC(1)   Other: 0.06ms
[0.531s][info][gc,heap     ] GC(1) Eden regions: 11->0(27)
[0.531s][info][gc,heap     ] GC(1) Survivor regions: 2->2(2)
[0.531s][info][gc,heap     ] GC(1) Old regions: 1->3
[0.531s][info][gc,heap     ] GC(1) Humongous regions: 2->2
[0.531s][info][gc,metaspace] GC(1) Metaspace: 16320K(16640K)->16320K(16640K) NonClass: 14943K(15168K)->14943K(15168K) Class: 1376K(1472K)->1376K(1472K)
[0.531s][info][gc          ] GC(1) Pause Young (Normal) (G1 Evacuation Pause) 30M->11M(258M) 2.441ms
[0.531s][info][gc,cpu      ] GC(1) User=0.01s Sys=0.01s Real=0.00s
[11.516s][info][gc,start    ] GC(2) Pause Young (Normal) (G1 Evacuation Pause)
[11.516s][info][gc,task     ] GC(2) Using 6 workers of 9 for evacuation
[11.520s][info][gc,phases   ] GC(2)   Pre Evacuate Collection Set: 0.06ms
[11.520s][info][gc,phases   ] GC(2)   Merge Heap Roots: 0.06ms
[11.520s][info][gc,phases   ] GC(2)   Evacuate Collection Set: 3.91ms
[11.520s][info][gc,phases   ] GC(2)   Post Evacuate Collection Set: 0.23ms
[11.520s][info][gc,phases   ] GC(2)   Other: 0.05ms
[11.520s][info][gc,heap     ] GC(2) Eden regions: 27->0(33)
[11.520s][info][gc,heap     ] GC(2) Survivor regions: 2->3(4)
[11.520s][info][gc,heap     ] GC(2) Old regions: 3->3
[11.520s][info][gc,heap     ] GC(2) Humongous regions: 2->2
[11.520s][info][gc,metaspace] GC(2) Metaspace: 20395K(20800K)->20395K(20800K) NonClass: 18647K(18880K)->18647K(18880K) Class: 1747K(1920K)->1747K(1920K)
[11.520s][info][gc          ] GC(2) Pause Young (Normal) (G1 Evacuation Pause) 65M->12M(258M) 4.454ms
[11.520s][info][gc,cpu      ] GC(2) User=0.01s Sys=0.00s Real=0.00s
[12.926s][info][gc,start    ] GC(3) Pause Young (Concurrent Start) (Metadata GC Threshold)
[12.926s][info][gc,task     ] GC(3) Using 6 workers of 9 for evacuation
[12.929s][info][gc,phases   ] GC(3)   Pre Evacuate Collection Set: 0.09ms
[12.929s][info][gc,phases   ] GC(3)   Merge Heap Roots: 0.04ms
[12.929s][info][gc,phases   ] GC(3)   Evacuate Collection Set: 2.22ms
[12.929s][info][gc,phases   ] GC(3)   Post Evacuate Collection Set: 0.28ms
[12.929s][info][gc,phases   ] GC(3)   Other: 0.10ms
[12.929s][info][gc,heap     ] GC(3) Eden regions: 22->0(60)
[12.929s][info][gc,heap     ] GC(3) Survivor regions: 3->3(5)
[12.929s][info][gc,heap     ] GC(3) Old regions: 3->3
[12.929s][info][gc,heap     ] GC(3) Humongous regions: 2->2
[12.929s][info][gc,metaspace] GC(3) Metaspace: 21159K(21504K)->21159K(21504K) NonClass: 19390K(19584K)->19390K(19584K) Class: 1769K(1920K)->1769K(1920K)
[12.929s][info][gc          ] GC(3) Pause Young (Concurrent Start) (Metadata GC Threshold) 55M->12M(258M) 2.882ms
[12.929s][info][gc,cpu      ] GC(3) User=0.02s Sys=0.00s Real=0.00s
[12.929s][info][gc          ] GC(4) Concurrent Mark Cycle
[12.929s][info][gc,marking  ] GC(4) Concurrent Scan Root Regions
[12.930s][info][gc,marking  ] GC(4) Concurrent Scan Root Regions 1.456ms
[12.930s][info][gc,marking  ] GC(4) Concurrent Mark
[12.930s][info][gc,marking  ] GC(4) Concurrent Mark From Roots
[12.930s][info][gc,task     ] GC(4) Using 2 workers of 2 for marking
[12.934s][info][gc,marking  ] GC(4) Concurrent Mark From Roots 3.479ms
[12.934s][info][gc,marking  ] GC(4) Concurrent Preclean
[12.934s][info][gc,marking  ] GC(4) Concurrent Preclean 0.013ms
[12.934s][info][gc,start    ] GC(4) Pause Remark
[12.936s][info][gc          ] GC(4) Pause Remark 13M->13M(54M) 2.306ms
[12.936s][info][gc,cpu      ] GC(4) User=0.01s Sys=0.00s Real=0.01s
[12.936s][info][gc,marking  ] GC(4) Concurrent Mark 5.926ms
[12.936s][info][gc,marking  ] GC(4) Concurrent Rebuild Remembered Sets and Scrub Regions
[12.938s][info][gc,marking  ] GC(4) Concurrent Rebuild Remembered Sets and Scrub Regions 2.051ms
[12.938s][info][gc,start    ] GC(4) Pause Cleanup
[12.938s][info][gc          ] GC(4) Pause Cleanup 13M->13M(54M) 0.014ms
[12.938s][info][gc,cpu      ] GC(4) User=0.00s Sys=0.00s Real=0.00s
[12.938s][info][gc,marking  ] GC(4) Concurrent Clear Claimed Marks
[12.938s][info][gc,marking  ] GC(4) Concurrent Clear Claimed Marks 0.022ms
[12.938s][info][gc,marking  ] GC(4) Concurrent Cleanup for Next Mark
[12.938s][info][gc,marking  ] GC(4) Concurrent Cleanup for Next Mark 0.108ms
[12.938s][info][gc          ] GC(4) Concurrent Mark Cycle 9.721ms
[27.751s][info][gc,start    ] GC(5) Pause Young (Prepare Mixed) (G1 Evacuation Pause)
[27.751s][info][gc,task     ] GC(5) Using 4 workers of 9 for evacuation
[27.757s][info][gc,phases   ] GC(5)   Pre Evacuate Collection Set: 0.11ms
[27.757s][info][gc,phases   ] GC(5)   Merge Heap Roots: 0.05ms
[27.757s][info][gc,phases   ] GC(5)   Evacuate Collection Set: 5.34ms
[27.757s][info][gc,phases   ] GC(5)   Post Evacuate Collection Set: 0.35ms
[27.757s][info][gc,phases   ] GC(5)   Other: 0.12ms
[27.757s][info][gc,heap     ] GC(5) Eden regions: 19->0(15)
[27.757s][info][gc,heap     ] GC(5) Survivor regions: 3->3(8)
[27.757s][info][gc,heap     ] GC(5) Old regions: 3->3
[27.757s][info][gc,heap     ] GC(5) Humongous regions: 2->2
[27.757s][info][gc,metaspace] GC(5) Metaspace: 21739K(22144K)->21739K(22144K) NonClass: 19940K(20160K)->19940K(20160K) Class: 1799K(1984K)->1799K(1984K)
[27.757s][info][gc          ] GC(5) Pause Young (Prepare Mixed) (G1 Evacuation Pause) 50M->13M(60M) 6.521ms
[27.757s][info][gc,cpu      ] GC(5) User=0.02s Sys=0.00s Real=0.01s
[27.850s][info][gc,start    ] GC(6) Pause Young (Mixed) (G1 Evacuation Pause)
[27.850s][info][gc,task     ] GC(6) Using 3 workers of 9 for evacuation
[27.854s][info][gc,phases   ] GC(6)   Pre Evacuate Collection Set: 0.03ms
[27.854s][info][gc,phases   ] GC(6)   Merge Heap Roots: 0.03ms
[27.854s][info][gc,phases   ] GC(6)   Evacuate Collection Set: 3.71ms
[27.854s][info][gc,phases   ] GC(6)   Post Evacuate Collection Set: 0.21ms
[27.854s][info][gc,phases   ] GC(6)   Other: 0.04ms
[27.854s][info][gc,heap     ] GC(6) Eden regions: 15->0(16)
[27.854s][info][gc,heap     ] GC(6) Survivor regions: 3->2(3)
[27.854s][info][gc,heap     ] GC(6) Old regions: 3->4
[27.854s][info][gc,heap     ] GC(6) Humongous regions: 2->2
[27.854s][info][gc,metaspace] GC(6) Metaspace: 21806K(22272K)->21806K(22272K) NonClass: 20003K(20288K)->20003K(20288K) Class: 1803K(1984K)->1803K(1984K)
[27.854s][info][gc          ] GC(6) Pause Young (Mixed) (G1 Evacuation Pause) 43M->13M(60M) 4.121ms
[27.854s][info][gc,cpu      ] GC(6) User=0.02s Sys=0.00s Real=0.00s
[27.941s][info][gc,start    ] GC(7) Pause Young (Normal) (G1 Evacuation Pause)
[27.941s][info][gc,task     ] GC(7) Using 2 workers of 9 for evacuation
[27.943s][info][gc,phases   ] GC(7)   Pre Evacuate Collection Set: 0.03ms
[27.943s][info][gc,phases   ] GC(7)   Merge Heap Roots: 0.02ms
[27.943s][info][gc,phases   ] GC(7)   Evacuate Collection Set: 1.38ms
[27.943s][info][gc,phases   ] GC(7)   Post Evacuate Collection Set: 0.12ms
[27.943s][info][gc,phases   ] GC(7)   Other: 0.09ms
[27.943s][info][gc,heap     ] GC(7) Eden regions: 16->0(16)
[27.943s][info][gc,heap     ] GC(7) Survivor regions: 2->2(3)
[27.943s][info][gc,heap     ] GC(7) Old regions: 4->4
[27.943s][info][gc,heap     ] GC(7) Humongous regions: 2->2
[27.943s][info][gc,metaspace] GC(7) Metaspace: 22195K(22656K)->22195K(22656K) NonClass: 20392K(20672K)->20392K(20672K) Class: 1803K(1984K)->1803K(1984K)
[27.943s][info][gc          ] GC(7) Pause Young (Normal) (G1 Evacuation Pause) 45M->13M(60M) 1.724ms
[27.943s][info][gc,cpu      ] GC(7) User=0.00s Sys=0.00s Real=0.00s
[37.720s][info][gc,start    ] GC(8) Pause Young (Normal) (G1 Evacuation Pause)
[37.720s][info][gc,task     ] GC(8) Using 2 workers of 9 for evacuation
[37.724s][info][gc,phases   ] GC(8)   Pre Evacuate Collection Set: 0.04ms
[37.724s][info][gc,phases   ] GC(8)   Merge Heap Roots: 0.02ms
[37.724s][info][gc,phases   ] GC(8)   Evacuate Collection Set: 3.23ms
[37.724s][info][gc,phases   ] GC(8)   Post Evacuate Collection Set: 0.15ms
[37.724s][info][gc,phases   ] GC(8)   Other: 0.05ms
[37.724s][info][gc,heap     ] GC(8) Eden regions: 16->0(16)
[37.724s][info][gc,heap     ] GC(8) Survivor regions: 2->2(3)
[37.724s][info][gc,heap     ] GC(8) Old regions: 4->4
[37.724s][info][gc,heap     ] GC(8) Humongous regions: 2->2
[37.724s][info][gc,metaspace] GC(8) Metaspace: 22234K(22656K)->22234K(22656K) NonClass: 20427K(20672K)->20427K(20672K) Class: 1806K(1984K)->1806K(1984K)
[37.724s][info][gc          ] GC(8) Pause Young (Normal) (G1 Evacuation Pause) 45M->13M(60M) 3.648ms
[37.724s][info][gc,cpu      ] GC(8) User=0.01s Sys=0.00s Real=0.00s
[37.741s][info][gc,start    ] GC(9) Pause Young (Normal) (G1 Evacuation Pause)
[37.741s][info][gc,task     ] GC(9) Using 2 workers of 9 for evacuation
[37.744s][info][gc,phases   ] GC(9)   Pre Evacuate Collection Set: 0.03ms
[37.744s][info][gc,phases   ] GC(9)   Merge Heap Roots: 0.01ms
[37.744s][info][gc,phases   ] GC(9)   Evacuate Collection Set: 2.61ms
[37.744s][info][gc,phases   ] GC(9)   Post Evacuate Collection Set: 0.12ms
[37.744s][info][gc,phases   ] GC(9)   Other: 0.03ms
[37.744s][info][gc,heap     ] GC(9) Eden regions: 16->0(16)
[37.744s][info][gc,heap     ] GC(9) Survivor regions: 2->2(3)
[37.744s][info][gc,heap     ] GC(9) Old regions: 4->4
[37.744s][info][gc,heap     ] GC(9) Humongous regions: 2->2
[37.744s][info][gc,metaspace] GC(9) Metaspace: 22261K(22656K)->22261K(22656K) NonClass: 20452K(20672K)->20452K(20672K) Class: 1809K(1984K)->1809K(1984K)
[37.744s][info][gc          ] GC(9) Pause Young (Normal) (G1 Evacuation Pause) 45M->14M(60M) 2.891ms
[37.744s][info][gc,cpu      ] GC(9) User=0.01s Sys=0.00s Real=0.00s
[37.758s][info][gc,start    ] GC(10) Pause Young (Normal) (G1 Evacuation Pause)
[37.758s][info][gc,task     ] GC(10) Using 2 workers of 9 for evacuation
[37.761s][info][gc,phases   ] GC(10)   Pre Evacuate Collection Set: 0.03ms
[37.761s][info][gc,phases   ] GC(10)   Merge Heap Roots: 0.01ms
[37.761s][info][gc,phases   ] GC(10)   Evacuate Collection Set: 2.39ms
[37.761s][info][gc,phases   ] GC(10)   Post Evacuate Collection Set: 0.15ms
[37.761s][info][gc,phases   ] GC(10)   Other: 0.04ms
[37.761s][info][gc,heap     ] GC(10) Eden regions: 16->0(45)
[37.761s][info][gc,heap     ] GC(10) Survivor regions: 2->2(3)
[37.761s][info][gc,heap     ] GC(10) Old regions: 4->5
[37.761s][info][gc,heap     ] GC(10) Humongous regions: 2->2
[37.761s][info][gc,metaspace] GC(10) Metaspace: 22301K(22784K)->22301K(22784K) NonClass: 20487K(20800K)->20487K(20800K) Class: 1814K(1984K)->1814K(1984K)
[37.761s][info][gc          ] GC(10) Pause Young (Normal) (G1 Evacuation Pause) 46M->15M(158M) 2.691ms
[37.761s][info][gc,cpu      ] GC(10) User=0.01s Sys=0.00s Real=0.00s
[37.814s][info][gc,start    ] GC(11) Pause Young (Normal) (G1 Evacuation Pause)
[37.814s][info][gc,task     ] GC(11) Using 3 workers of 9 for evacuation
[37.816s][info][gc,phases   ] GC(11)   Pre Evacuate Collection Set: 0.10ms
[37.816s][info][gc,phases   ] GC(11)   Merge Heap Roots: 0.03ms
[37.816s][info][gc,phases   ] GC(11)   Evacuate Collection Set: 2.20ms
[37.816s][info][gc,phases   ] GC(11)   Post Evacuate Collection Set: 0.12ms
[37.816s][info][gc,phases   ] GC(11)   Other: 0.08ms
[37.816s][info][gc,heap     ] GC(11) Eden regions: 45->0(44)
[37.816s][info][gc,heap     ] GC(11) Survivor regions: 2->3(6)
[37.816s][info][gc,heap     ] GC(11) Old regions: 5->5
[37.816s][info][gc,heap     ] GC(11) Humongous regions: 2->2
[37.816s][info][gc,metaspace] GC(11) Metaspace: 22362K(22912K)->22362K(22912K) NonClass: 20544K(20864K)->20544K(20864K) Class: 1818K(2048K)->1818K(2048K)
[37.816s][info][gc          ] GC(11) Pause Young (Normal) (G1 Evacuation Pause) 105M->17M(158M) 2.756ms
[37.816s][info][gc,cpu      ] GC(11) User=0.01s Sys=0.00s Real=0.01s
[37.847s][info][gc,start    ] GC(12) Pause Young (Normal) (G1 Evacuation Pause)
[37.847s][info][gc,task     ] GC(12) Using 3 workers of 9 for evacuation
[37.850s][info][gc,phases   ] GC(12)   Pre Evacuate Collection Set: 0.05ms
[37.850s][info][gc,phases   ] GC(12)   Merge Heap Roots: 0.02ms
[37.850s][info][gc,phases   ] GC(12)   Evacuate Collection Set: 2.78ms
[37.850s][info][gc,phases   ] GC(12)   Post Evacuate Collection Set: 0.11ms
[37.850s][info][gc,phases   ] GC(12)   Other: 0.04ms
[37.850s][info][gc,heap     ] GC(12) Eden regions: 44->0(43)
[37.850s][info][gc,heap     ] GC(12) Survivor regions: 3->4(6)
[37.850s][info][gc,heap     ] GC(12) Old regions: 5->5
[37.850s][info][gc,heap     ] GC(12) Humongous regions: 2->2
[37.850s][info][gc,metaspace] GC(12) Metaspace: 22371K(22912K)->22371K(22912K) NonClass: 20553K(20864K)->20553K(20864K) Class: 1818K(2048K)->1818K(2048K)
[37.850s][info][gc          ] GC(12) Pause Young (Normal) (G1 Evacuation Pause) 105M->19M(158M) 3.104ms
[37.850s][info][gc,cpu      ] GC(12) User=0.01s Sys=0.00s Real=0.00s
[37.893s][info][gc,start    ] GC(13) Pause Young (Normal) (G1 Evacuation Pause)
[37.893s][info][gc,task     ] GC(13) Using 3 workers of 9 for evacuation
[37.897s][info][gc,phases   ] GC(13)   Pre Evacuate Collection Set: 0.03ms
[37.897s][info][gc,phases   ] GC(13)   Merge Heap Roots: 0.01ms
[37.897s][info][gc,phases   ] GC(13)   Evacuate Collection Set: 3.41ms
[37.897s][info][gc,phases   ] GC(13)   Post Evacuate Collection Set: 0.11ms
[37.897s][info][gc,phases   ] GC(13)   Other: 0.04ms
[37.897s][info][gc,heap     ] GC(13) Eden regions: 43->0(42)
[37.897s][info][gc,heap     ] GC(13) Survivor regions: 4->5(6)
[37.897s][info][gc,heap     ] GC(13) Old regions: 5->6
[37.897s][info][gc,heap     ] GC(13) Humongous regions: 2->2
[37.897s][info][gc,metaspace] GC(13) Metaspace: 22407K(22912K)->22407K(22912K) NonClass: 20589K(20864K)->20589K(20864K) Class: 1818K(2048K)->1818K(2048K)
[37.897s][info][gc          ] GC(13) Pause Young (Normal) (G1 Evacuation Pause) 105M->22M(158M) 3.715ms
[37.897s][info][gc,cpu      ] GC(13) User=0.01s Sys=0.00s Real=0.01s
[37.926s][info][gc,start    ] GC(14) Pause Young (Normal) (G1 Evacuation Pause)
[37.926s][info][gc,task     ] GC(14) Using 3 workers of 9 for evacuation
[37.930s][info][gc,phases   ] GC(14)   Pre Evacuate Collection Set: 0.11ms
[37.930s][info][gc,phases   ] GC(14)   Merge Heap Roots: 0.06ms
[37.930s][info][gc,phases   ] GC(14)   Evacuate Collection Set: 3.30ms
[37.930s][info][gc,phases   ] GC(14)   Post Evacuate Collection Set: 0.20ms
[37.930s][info][gc,phases   ] GC(14)   Other: 0.05ms
[37.930s][info][gc,heap     ] GC(14) Eden regions: 42->0(90)
[37.930s][info][gc,heap     ] GC(14) Survivor regions: 5->4(6)
[37.930s][info][gc,heap     ] GC(14) Old regions: 6->8
[37.930s][info][gc,heap     ] GC(14) Humongous regions: 2->2
[37.930s][info][gc,metaspace] GC(14) Metaspace: 22422K(22912K)->22422K(22912K) NonClass: 20604K(20864K)->20604K(20864K) Class: 1818K(2048K)->1818K(2048K)
[37.930s][info][gc          ] GC(14) Pause Young (Normal) (G1 Evacuation Pause) 106M->24M(316M) 3.816ms
[37.930s][info][gc,cpu      ] GC(14) User=0.01s Sys=0.00s Real=0.00s
[38.045s][info][gc,start    ] GC(15) Pause Young (Normal) (G1 Evacuation Pause)
[38.045s][info][gc,task     ] GC(15) Using 7 workers of 9 for evacuation
[38.048s][info][gc,phases   ] GC(15)   Pre Evacuate Collection Set: 0.12ms
[38.048s][info][gc,phases   ] GC(15)   Merge Heap Roots: 0.04ms
[38.048s][info][gc,phases   ] GC(15)   Evacuate Collection Set: 2.21ms
[38.048s][info][gc,phases   ] GC(15)   Post Evacuate Collection Set: 0.15ms
[38.048s][info][gc,phases   ] GC(15)   Other: 0.05ms
[38.048s][info][gc,heap     ] GC(15) Eden regions: 90->0(85)
[38.048s][info][gc,heap     ] GC(15) Survivor regions: 4->7(12)
[38.048s][info][gc,heap     ] GC(15) Old regions: 8->8
[38.048s][info][gc,heap     ] GC(15) Humongous regions: 2->2
[38.048s][info][gc,metaspace] GC(15) Metaspace: 22494K(23040K)->22494K(23040K) NonClass: 20676K(20992K)->20676K(20992K) Class: 1818K(2048K)->1818K(2048K)
[38.048s][info][gc          ] GC(15) Pause Young (Normal) (G1 Evacuation Pause) 204M->30M(316M) 2.673ms
[38.048s][info][gc,cpu      ] GC(15) User=0.01s Sys=0.00s Real=0.01s
[38.126s][info][gc,start    ] GC(16) Pause Young (Normal) (G1 Evacuation Pause)
[38.127s][info][gc,task     ] GC(16) Using 7 workers of 9 for evacuation
[38.130s][info][gc,phases   ] GC(16)   Pre Evacuate Collection Set: 0.11ms
[38.130s][info][gc,phases   ] GC(16)   Merge Heap Roots: 0.06ms
[38.130s][info][gc,phases   ] GC(16)   Evacuate Collection Set: 2.67ms
[38.130s][info][gc,phases   ] GC(16)   Post Evacuate Collection Set: 0.14ms
[38.130s][info][gc,phases   ] GC(16)   Other: 0.05ms
[38.130s][info][gc,heap     ] GC(16) Eden regions: 85->0(85)
[38.130s][info][gc,heap     ] GC(16) Survivor regions: 7->9(12)
[38.130s][info][gc,heap     ] GC(16) Old regions: 8->8
[38.130s][info][gc,heap     ] GC(16) Humongous regions: 2->2
[38.130s][info][gc,metaspace] GC(16) Metaspace: 22524K(23040K)->22524K(23040K) NonClass: 20706K(20992K)->20706K(20992K) Class: 1818K(2048K)->1818K(2048K)
[38.130s][info][gc          ] GC(16) Pause Young (Normal) (G1 Evacuation Pause) 200M->35M(316M) 3.698ms
[38.130s][info][gc,cpu      ] GC(16) User=0.02s Sys=0.01s Real=0.00s
[38.185s][info][gc,start    ] GC(17) Pause Young (Normal) (G1 Evacuation Pause)
[38.185s][info][gc,task     ] GC(17) Using 7 workers of 9 for evacuation
[38.189s][info][gc,phases   ] GC(17)   Pre Evacuate Collection Set: 0.10ms
[38.189s][info][gc,phases   ] GC(17)   Merge Heap Roots: 0.06ms
[38.189s][info][gc,phases   ] GC(17)   Evacuate Collection Set: 2.82ms
[38.189s][info][gc,phases   ] GC(17)   Post Evacuate Collection Set: 0.15ms
[38.189s][info][gc,phases   ] GC(17)   Other: 0.04ms
[38.189s][info][gc,heap     ] GC(17) Eden regions: 85->0(86)
[38.189s][info][gc,heap     ] GC(17) Survivor regions: 9->8(12)
[38.189s][info][gc,heap     ] GC(17) Old regions: 8->11
[38.189s][info][gc,heap     ] GC(17) Humongous regions: 2->2
[38.189s][info][gc,metaspace] GC(17) Metaspace: 22524K(23040K)->22524K(23040K) NonClass: 20706K(20992K)->20706K(20992K) Class: 1818K(2048K)->1818K(2048K)
[38.189s][info][gc          ] GC(17) Pause Young (Normal) (G1 Evacuation Pause) 205M->38M(316M) 3.323ms
[38.189s][info][gc,cpu      ] GC(17) User=0.02s Sys=0.00s Real=0.01s
[38.280s][info][gc,start    ] GC(18) Pause Young (Normal) (G1 Evacuation Pause)
[38.280s][info][gc,task     ] GC(18) Using 7 workers of 9 for evacuation
[38.283s][info][gc,phases   ] GC(18)   Pre Evacuate Collection Set: 0.07ms
[38.283s][info][gc,phases   ] GC(18)   Merge Heap Roots: 0.05ms
[38.283s][info][gc,phases   ] GC(18)   Evacuate Collection Set: 2.69ms
[38.283s][info][gc,phases   ] GC(18)   Post Evacuate Collection Set: 0.29ms
[38.283s][info][gc,phases   ] GC(18)   Other: 0.04ms
[38.283s][info][gc,heap     ] GC(18) Eden regions: 86->0(143)
[38.283s][info][gc,heap     ] GC(18) Survivor regions: 8->7(12)
[38.283s][info][gc,heap     ] GC(18) Old regions: 11->14
[38.283s][info][gc,heap     ] GC(18) Humongous regions: 2->2
[38.283s][info][gc,metaspace] GC(18) Metaspace: 22526K(23040K)->22526K(23040K) NonClass: 20708K(20992K)->20708K(20992K) Class: 1818K(2048K)->1818K(2048K)
[38.283s][info][gc          ] GC(18) Pause Young (Normal) (G1 Evacuation Pause) 210M->42M(500M) 3.244ms
[38.283s][info][gc,cpu      ] GC(18) User=0.02s Sys=0.00s Real=0.00s
[38.392s][info][gc,start    ] GC(19) Pause Young (Normal) (G1 Evacuation Pause)
[38.392s][info][gc,task     ] GC(19) Using 9 workers of 9 for evacuation
[38.395s][info][gc,phases   ] GC(19)   Pre Evacuate Collection Set: 0.11ms
[38.395s][info][gc,phases   ] GC(19)   Merge Heap Roots: 0.08ms
[38.395s][info][gc,phases   ] GC(19)   Evacuate Collection Set: 2.82ms
[38.395s][info][gc,phases   ] GC(19)   Post Evacuate Collection Set: 0.19ms
[38.395s][info][gc,phases   ] GC(19)   Other: 0.05ms
[38.395s][info][gc,heap     ] GC(19) Eden regions: 143->0(140)
[38.395s][info][gc,heap     ] GC(19) Survivor regions: 7->10(19)
[38.395s][info][gc,heap     ] GC(19) Old regions: 14->14
[38.395s][info][gc,heap     ] GC(19) Humongous regions: 2->2
[38.395s][info][gc,metaspace] GC(19) Metaspace: 22527K(23040K)->22527K(23040K) NonClass: 20709K(20992K)->20709K(20992K) Class: 1818K(2048K)->1818K(2048K)
[38.395s][info][gc          ] GC(19) Pause Young (Normal) (G1 Evacuation Pause) 328M->49M(500M) 3.342ms
[38.395s][info][gc,cpu      ] GC(19) User=0.02s Sys=0.00s Real=0.00s
[38.514s][info][gc,start    ] GC(20) Pause Young (Normal) (G1 Evacuation Pause)
[38.514s][info][gc,task     ] GC(20) Using 9 workers of 9 for evacuation
[38.518s][info][gc,phases   ] GC(20)   Pre Evacuate Collection Set: 0.11ms
[38.518s][info][gc,phases   ] GC(20)   Merge Heap Roots: 0.09ms
[38.518s][info][gc,phases   ] GC(20)   Evacuate Collection Set: 3.08ms
[38.518s][info][gc,phases   ] GC(20)   Post Evacuate Collection Set: 0.18ms
[38.518s][info][gc,phases   ] GC(20)   Other: 0.05ms
[38.518s][info][gc,heap     ] GC(20) Eden regions: 140->0(137)
[38.518s][info][gc,heap     ] GC(20) Survivor regions: 10->13(19)
[38.518s][info][gc,heap     ] GC(20) Old regions: 14->14
[38.518s][info][gc,heap     ] GC(20) Humongous regions: 2->2
[38.518s][info][gc,metaspace] GC(20) Metaspace: 22527K(23040K)->22527K(23040K) NonClass: 20709K(20992K)->20709K(20992K) Class: 1818K(2048K)->1818K(2048K)
[38.518s][info][gc          ] GC(20) Pause Young (Normal) (G1 Evacuation Pause) 329M->54M(500M) 3.606ms
[38.518s][info][gc,cpu      ] GC(20) User=0.03s Sys=0.01s Real=0.01s
[38.647s][info][gc,start    ] GC(21) Pause Young (Normal) (G1 Evacuation Pause)
[38.647s][info][gc,task     ] GC(21) Using 9 workers of 9 for evacuation
[38.654s][info][gc,phases   ] GC(21)   Pre Evacuate Collection Set: 0.16ms
[38.654s][info][gc,phases   ] GC(21)   Merge Heap Roots: 0.12ms
[38.654s][info][gc,phases   ] GC(21)   Evacuate Collection Set: 5.23ms
[38.654s][info][gc,phases   ] GC(21)   Post Evacuate Collection Set: 0.99ms
[38.654s][info][gc,phases   ] GC(21)   Other: 0.10ms
[38.654s][info][gc,heap     ] GC(21) Eden regions: 137->0(136)
[38.654s][info][gc,heap     ] GC(21) Survivor regions: 13->14(19)
[38.654s][info][gc,heap     ] GC(21) Old regions: 14->16
[38.654s][info][gc,heap     ] GC(21) Humongous regions: 2->2
[38.654s][info][gc,metaspace] GC(21) Metaspace: 22527K(23040K)->22527K(23040K) NonClass: 20709K(20992K)->20709K(20992K) Class: 1818K(2048K)->1818K(2048K)
[38.654s][info][gc          ] GC(21) Pause Young (Normal) (G1 Evacuation Pause) 328M->61M(500M) 6.691ms
[38.654s][info][gc,cpu      ] GC(21) User=0.03s Sys=0.00s Real=0.00s
[38.744s][info][gc,start    ] GC(22) Pause Young (Normal) (G1 Evacuation Pause)
[38.744s][info][gc,task     ] GC(22) Using 9 workers of 9 for evacuation
[38.748s][info][gc,phases   ] GC(22)   Pre Evacuate Collection Set: 0.10ms
[38.748s][info][gc,phases   ] GC(22)   Merge Heap Roots: 0.07ms
[38.748s][info][gc,phases   ] GC(22)   Evacuate Collection Set: 3.71ms
[38.748s][info][gc,phases   ] GC(22)   Post Evacuate Collection Set: 0.27ms
[38.748s][info][gc,phases   ] GC(22)   Other: 0.06ms
[38.748s][info][gc,heap     ] GC(22) Eden regions: 136->0(169)
[38.748s][info][gc,heap     ] GC(22) Survivor regions: 14->12(19)
[38.748s][info][gc,heap     ] GC(22) Old regions: 16->20
[38.748s][info][gc,heap     ] GC(22) Humongous regions: 2->2
[38.748s][info][gc,metaspace] GC(22) Metaspace: 22527K(23040K)->22527K(23040K) NonClass: 20709K(20992K)->20709K(20992K) Class: 1818K(2048K)->1818K(2048K)
[38.748s][info][gc          ] GC(22) Pause Young (Normal) (G1 Evacuation Pause) 333M->66M(604M) 4.302ms
[38.748s][info][gc,cpu      ] GC(22) User=0.03s Sys=0.00s Real=0.01s
[38.878s][info][gc,start    ] GC(23) Pause Young (Normal) (G1 Evacuation Pause)
[38.879s][info][gc,task     ] GC(23) Using 9 workers of 9 for evacuation
[38.883s][info][gc,phases   ] GC(23)   Pre Evacuate Collection Set: 0.13ms
[38.883s][info][gc,phases   ] GC(23)   Merge Heap Roots: 0.09ms
[38.883s][info][gc,phases   ] GC(23)   Evacuate Collection Set: 4.02ms
[38.883s][info][gc,phases   ] GC(23)   Post Evacuate Collection Set: 0.19ms
[38.883s][info][gc,phases   ] GC(23)   Other: 0.05ms
[38.883s][info][gc,heap     ] GC(23) Eden regions: 169->0(165)
[38.883s][info][gc,heap     ] GC(23) Survivor regions: 12->16(23)
[38.883s][info][gc,heap     ] GC(23) Old regions: 20->20
[38.883s][info][gc,heap     ] GC(23) Humongous regions: 2->2
[38.883s][info][gc,metaspace] GC(23) Metaspace: 22527K(23040K)->22527K(23040K) NonClass: 20709K(20992K)->20709K(20992K) Class: 1818K(2048K)->1818K(2048K)
[38.883s][info][gc          ] GC(23) Pause Young (Normal) (G1 Evacuation Pause) 404M->73M(604M) 4.585ms
[38.883s][info][gc,cpu      ] GC(23) User=0.03s Sys=0.00s Real=0.00s
[39.053s][info][gc,start    ] GC(24) Pause Young (Normal) (G1 Evacuation Pause)
[39.053s][info][gc,task     ] GC(24) Using 9 workers of 9 for evacuation
[39.058s][info][gc,phases   ] GC(24)   Pre Evacuate Collection Set: 0.10ms
[39.058s][info][gc,phases   ] GC(24)   Merge Heap Roots: 0.09ms
[39.058s][info][gc,phases   ] GC(24)   Evacuate Collection Set: 4.81ms
[39.058s][info][gc,phases   ] GC(24)   Post Evacuate Collection Set: 0.19ms
[39.058s][info][gc,phases   ] GC(24)   Other: 0.05ms
[39.058s][info][gc,heap     ] GC(24) Eden regions: 165->0(164)
[39.058s][info][gc,heap     ] GC(24) Survivor regions: 16->17(23)
[39.058s][info][gc,heap     ] GC(24) Old regions: 20->23
[39.058s][info][gc,heap     ] GC(24) Humongous regions: 2->2
[39.058s][info][gc,metaspace] GC(24) Metaspace: 22528K(23040K)->22528K(23040K) NonClass: 20710K(20992K)->20710K(20992K) Class: 1818K(2048K)->1818K(2048K)
[39.058s][info][gc          ] GC(24) Pause Young (Normal) (G1 Evacuation Pause) 403M->80M(604M) 5.352ms
[39.058s][info][gc,cpu      ] GC(24) User=0.04s Sys=0.01s Real=0.01s
[39.208s][info][gc,start    ] GC(25) Pause Young (Normal) (G1 Evacuation Pause)
[39.208s][info][gc,task     ] GC(25) Using 9 workers of 9 for evacuation
[39.213s][info][gc,phases   ] GC(25)   Pre Evacuate Collection Set: 0.09ms
[39.213s][info][gc,phases   ] GC(25)   Merge Heap Roots: 0.08ms
[39.213s][info][gc,phases   ] GC(25)   Evacuate Collection Set: 4.77ms
[39.213s][info][gc,phases   ] GC(25)   Post Evacuate Collection Set: 0.21ms
[39.213s][info][gc,phases   ] GC(25)   Other: 0.05ms
[39.213s][info][gc,heap     ] GC(25) Eden regions: 164->0(167)
[39.213s][info][gc,heap     ] GC(25) Survivor regions: 17->14(23)
[39.213s][info][gc,heap     ] GC(25) Old regions: 23->30
[39.213s][info][gc,heap     ] GC(25) Humongous regions: 2->2
[39.213s][info][gc,metaspace] GC(25) Metaspace: 22528K(23040K)->22528K(23040K) NonClass: 20710K(20992K)->20710K(20992K) Class: 1818K(2048K)->1818K(2048K)
[39.213s][info][gc          ] GC(25) Pause Young (Normal) (G1 Evacuation Pause) (Evacuation Failure: Pinned) 408M->89M(604M) 5.319ms
[39.213s][info][gc,cpu      ] GC(25) User=0.04s Sys=0.00s Real=0.00s
[53.952s][info][gc,start    ] GC(26) Pause Full (System.gc())
[53.953s][info][gc,task     ] GC(26) Using 9 workers of 9 for full compaction
[53.953s][info][gc,phases,start] GC(26) Phase 1: Mark live objects
[53.988s][info][gc,phases      ] GC(26) Phase 1: Mark live objects 35.437ms
[53.988s][info][gc,phases,start] GC(26) Phase 2: Prepare compaction
[53.992s][info][gc,phases      ] GC(26) Phase 2: Prepare compaction 3.452ms
[53.992s][info][gc,phases,start] GC(26) Phase 3: Adjust pointers
[53.998s][info][gc,phases      ] GC(26) Phase 3: Adjust pointers 6.419ms
[53.998s][info][gc,phases,start] GC(26) Phase 4: Compact heap
[54.001s][info][gc,phases      ] GC(26) Phase 4: Compact heap 2.351ms
[54.001s][info][gc,phases,start] GC(26) Phase 5: Reset Metadata
[54.001s][info][gc,phases      ] GC(26) Phase 5: Reset Metadata 0.460ms
[54.003s][info][gc,heap        ] GC(26) Eden regions: 106->0(66)
[54.003s][info][gc,heap        ] GC(26) Survivor regions: 14->0(23)
[54.003s][info][gc,heap        ] GC(26) Old regions: 30->31
[54.003s][info][gc,heap        ] GC(26) Humongous regions: 2->2
[54.003s][info][gc,metaspace   ] GC(26) Metaspace: 22556K(23040K)->22400K(23040K) NonClass: 20734K(20992K)->20621K(20992K) Class: 1821K(2048K)->1778K(2048K)
[54.003s][info][gc             ] GC(26) Pause Full (System.gc()) 300M->52M(220M) 51.006ms
[54.003s][info][gc,cpu         ] GC(26) User=0.22s Sys=0.04s Real=0.05s
[61.040s][info][gc,heap,exit   ] Heap
[61.040s][info][gc,heap,exit   ]  garbage-first heap   total reserved 4194304K, committed 225280K, used 76144K [0x0000000700000000, 0x0000000800000000)
[61.040s][info][gc,heap,exit   ]   region size 2048K, 11 young (22528K), 0 survivors (0K)
[61.040s][info][gc,heap,exit   ]  Metaspace       used 22465K, committed 23040K, reserved 1114112K
[61.040s][info][gc,heap,exit   ]   class space    used 1785K, committed 2048K, reserved 1048576K