[0.003s][info][gc,init] CardTable entry size: 512
[0.003s][info][gc     ] Using G1
[0.005s][info][gc,init] Version: 21.0.4+7-LTS (release)
[0.005s][info][gc,init] CPUs: 2 total, 2 available
[0.005s][info][gc,init] Memory: 7928M
[0.005s][info][gc,init] Large Page Support: Disabled
[0.005s][info][gc,init] NUMA Support: Disabled
[0.005s][info][gc,init] Compressed Oops: Enabled (32-bit)
[0.005s][info][gc,init] Heap Region Size: 1M
[0.005s][info][gc,init] Heap Min Capacity: 8M
[0.005s][info][gc,init] Heap Initial Capacity: 124M
[0.005s][info][gc,init] Heap Max Capacity: 1984M
[0.005s][info][gc,init] Pre-touch: Disabled
[0.005s][info][gc,init] Parallel Workers: 2
[0.005s][info][gc,init] Concurrent Workers: 1
[0.005s][info][gc,init] Concurrent Refinement Workers: 2
[0.005s][info][gc,init] Periodic GC: Disabled
[0.011s][info][gc,metaspace] CDS archive(s) mapped at: [0x000072829f000000-0x000072829fcae000-0x000072829fcae000), size 13295616, SharedBaseAddress: 0x000072829f000000, ArchiveRelocationMode: 1.
[0.011s][info][gc,metaspace] Compressed class space mapped at: 0x00007282a0000000-0x00007282e0000000, reserved size: 1073741824
[0.011s][info][gc,metaspace] Narrow klass base: 0x000072829f000000, Narrow klass shift: 0, Narrow klass range: 0x100000000
[0.207s][info][gc,start    ] GC(0) Pause Young (Normal) (G1 Evacuation Pause)
[0.207s][info][gc,task     ] GC(0) Using 2 workers of 2 for evacuation
[0.212s][info][gc,phases   ] GC(0)   Pre Evacuate Collection Set: 0.1ms
[0.212s][info][gc,phases   ] GC(0)   Merge Heap Roots: 0.1ms
[0.214s][info][gc,phases   ] GC(0)   Evacuate Collection Set: 4.0ms
[0.214s][info][gc,phases   ] GC(0)   Post Evacuate Collection Set: 0.2ms
[0.214s][info][gc,phases   ] GC(0)   Other: 0.2ms
[0.214s][info][gc,heap     ] GC(0) Eden regions: 6->0(6)
[0.214s][info][gc,heap     ] GC(0) Survivor regions: 0->1(1)
[0.214s][info][gc,heap     ] GC(0) Old regions: 2->3
[0.214s][info][gc,heap     ] GC(0) Humongous regions: 6->3
[0.214s][info][gc,metaspace] GC(0) Metaspace: 2091K(2240K)->2091K(2240K) NonClass: 1903K(1984K)->1903K(1984K) Class: 188K(256K)->188K(256K)
[0.214s][info][gc          ] GC(0) Pause Young (Normal) (G1 Evacuation Pause) 13M->5M(126M) 7.046ms
[0.214s][info][gc,cpu      ] GC(0) User=0.00s Sys=0.00s Real=0.01s
[0.383s][info][gc,start    ] GC(1) Pause Young (Normal) (G1 Evacuation Pause)
[0.383s][info][gc,task     ] GC(1) Using 2 workers of 2 for evacuation
[0.387s][info][gc,phases   ] GC(1)   Pre Evacuate Collection Set: 0.1ms
[0.387s][info][gc,phases   ] GC(1)   Merge Heap Roots: 0.0ms
[0.387s][info][gc,phases   ] GC(1)   Evacuate Collection Set: 3.4ms
[0.387s][info][gc,phases   ] GC(1)   Post Evacuate Collection Set: 0.2ms
[0.387s][info][gc,phases   ] GC(1)   Other: 0.1ms
[0.387s][info][gc,heap     ] GC(1) Eden regions: 6->0(14)
[0.387s][info][gc,heap     ] GC(1) Survivor regions: 1->1(1)
[0.387s][info][gc,heap     ] GC(1) Old regions: 3->4
[0.387s][info][gc,heap     ] GC(1) Humongous regions: 6->3
[0.387s][info][gc,metaspace] GC(1) Metaspace: 5716K(5952K)->5716K(5952K) NonClass: 5270K(5376K)->5270K(5376K) Class: 446K(576K)->446K(576K)
[0.387s][info][gc          ] GC(1) Pause Young (Normal) (G1 Evacuation Pause) 14M->6M(126M) 4.245ms
[0.387s][info][gc,cpu      ] GC(1) User=0.01s Sys=0.00s Real=0.00s
[0.760s][info][gc,start    ] GC(2) Pause Young (Normal) (G1 Evacuation Pause)
[0.761s][info][gc,task     ] GC(2) Using 2 workers of 2 for evacuation
[0.767s][info][gc,phases   ] GC(2)   Pre Evacuate Collection Set: 0.1ms
[0.767s][info][gc,phases   ] GC(2)   Merge Heap Roots: 0.0ms
[0.767s][info][gc,phases   ] GC(2)   Evacuate Collection Set: 5.5ms
[0.767s][info][gc,phases   ] GC(2)   Post Evacuate Collection Set: 0.4ms
[0.767s][info][gc,phases   ] GC(2)   Other: 0.1ms
[0.767s][info][gc,heap     ] GC(2) Eden regions: 14->0(49)
[0.767s][info][gc,heap     ] GC(2) Survivor regions: 1->2(2)
[0.767s][info][gc,heap     ] GC(2) Old regions: 4->4
[0.767s][info][gc,heap     ] GC(2) Humongous regions: 3->3
[0.767s][info][gc,metaspace] GC(2) Metaspace: 10728K(11008K)->10728K(11008K) NonClass: 9850K(9984K)->9850K(9984K) Class: 878K(1024K)->878K(1024K)
[0.767s][info][gc          ] GC(2) Pause Young (Normal) (G1 Evacuation Pause) 20M->7M(126M) 6.701ms
[0.767s][info][gc,cpu      ] GC(2) User=0.02s Sys=0.00s Real=0.00s
[25.937s][info][gc,start    ] GC(3) Pause Full (System.gc())
[25.938s][info][gc,task     ] GC(3) Using 2 workers of 2 for full compaction
[25.938s][info][gc,phases,start] GC(3) Phase 1: Mark live objects
[25.952s][info][gc,phases      ] GC(3) Phase 1: Mark live objects 14.208ms
[25.952s][info][gc,phases,start] GC(3) Phase 2: Prepare compaction
[25.954s][info][gc,phases      ] GC(3) Phase 2: Prepare compaction 1.872ms
[25.954s][info][gc,phases,start] GC(3) Phase 3: Adjust pointers
[25.959s][info][gc,phases      ] GC(3) Phase 3: Adjust pointers 4.649ms
[25.959s][info][gc,phases,start] GC(3) Phase 4: Compact heap
[25.962s][info][gc,phases      ] GC(3) Phase 4: Compact heap 2.752ms
[25.962s][info][gc,phases,start] GC(3) Phase 5: Reset Metadata
[25.962s][info][gc,phases      ] GC(3) Phase 5: Reset Metadata 0.688ms
[25.965s][info][gc,heap        ] GC(3) Eden regions: 44->0(18)
[25.965s][info][gc,heap        ] GC(3) Survivor regions: 2->0(2)
[25.965s][info][gc,heap        ] GC(3) Old regions: 4->9
[25.965s][info][gc,heap        ] GC(3) Humongous regions: 3->3
[25.965s][info][gc,metaspace   ] GC(3) Metaspace: 20931K(21312K)->20803K(21312K) NonClass: 19243K(19456K)->19149K(19456K) Class: 1688K(1856K)->1653K(1856K)
[25.965s][info][gc             ] GC(3) Pause Full (System.gc()) 51M->11M(40M) 27.609ms
[25.965s][info][gc,cpu         ] GC(3) User=0.05s Sys=0.00s Real=0.03s
[31.757s][info][gc,heap,exit   ] Heap
[31.757s][info][gc,heap,exit   ]  garbage-first heap   total 40960K, used 16075K [0x0000000084000000, 0x0000000100000000)
[31.757s][info][gc,heap,exit   ]   region size 1024K, 4 young (4096K), 0 survivors (0K)
[31.757s][info][gc,heap,exit   ]  Metaspace       used 20821K, committed 21312K, reserved 1114112K
[31.757s][info][gc,heap,exit   ]   class space    used 1656K, committed 1856K, reserved 1048576K
